Archive member included to satisfy reference by file (symbol)

c:/st/stm32cubeide_1.8.0/stm32cubeide/plugins/com.st.stm32cube.ide.mcu.externaltools.gnu-tools-for-stm32.9-2020-q2-update.win32_2.0.0.202105311346/tools/bin/../lib/gcc/arm-none-eabi/9.3.1/thumb/v7e-m/nofp\libgcc.a(_arm_mulsf3.o)
                              CMakeFiles/NTO_Discovery.elf.dir/Core/Src/main.c.obj (__aeabi_fmul)
c:/st/stm32cubeide_1.8.0/stm32cubeide/plugins/com.st.stm32cube.ide.mcu.externaltools.gnu-tools-for-stm32.9-2020-q2-update.win32_2.0.0.202105311346/tools/bin/../lib/gcc/arm-none-eabi/9.3.1/thumb/v7e-m/nofp\libgcc.a(_arm_addsubsf3.o)
                              CMakeFiles/NTO_Discovery.elf.dir/Core/Src/main.c.obj (__aeabi_ui2f)
c:/st/stm32cubeide_1.8.0/stm32cubeide/plugins/com.st.stm32cube.ide.mcu.externaltools.gnu-tools-for-stm32.9-2020-q2-update.win32_2.0.0.202105311346/tools/bin/../lib/gcc/arm-none-eabi/9.3.1/thumb/v7e-m/nofp\libgcc.a(_arm_cmpsf2.o)
                              CMakeFiles/NTO_Discovery.elf.dir/Core/Src/main.c.obj (__aeabi_fcmpeq)
c:/st/stm32cubeide_1.8.0/stm32cubeide/plugins/com.st.stm32cube.ide.mcu.externaltools.gnu-tools-for-stm32.9-2020-q2-update.win32_2.0.0.202105311346/tools/bin/../lib/gcc/arm-none-eabi/9.3.1/thumb/v7e-m/nofp\libgcc.a(_arm_fixsfsi.o)
                              CMakeFiles/NTO_Discovery.elf.dir/Core/Src/main.c.obj (__aeabi_f2iz)
c:/st/stm32cubeide_1.8.0/stm32cubeide/plugins/com.st.stm32cube.ide.mcu.externaltools.gnu-tools-for-stm32.9-2020-q2-update.win32_2.0.0.202105311346/tools/bin/../lib/gcc/arm-none-eabi/9.3.1/thumb/v7e-m/nofp\libgcc.a(_aeabi_uldivmod.o)
                              CMakeFiles/NTO_Discovery.elf.dir/Drivers/STM32F4xx_HAL_Driver/Src/stm32f4xx_hal_rcc.c.obj (__aeabi_uldivmod)
c:/st/stm32cubeide_1.8.0/stm32cubeide/plugins/com.st.stm32cube.ide.mcu.externaltools.gnu-tools-for-stm32.9-2020-q2-update.win32_2.0.0.202105311346/tools/bin/../lib/gcc/arm-none-eabi/9.3.1/thumb/v7e-m/nofp\libgcc.a(_udivmoddi4.o)
                              c:/st/stm32cubeide_1.8.0/stm32cubeide/plugins/com.st.stm32cube.ide.mcu.externaltools.gnu-tools-for-stm32.9-2020-q2-update.win32_2.0.0.202105311346/tools/bin/../lib/gcc/arm-none-eabi/9.3.1/thumb/v7e-m/nofp\libgcc.a(_aeabi_uldivmod.o) (__udivmoddi4)
c:/st/stm32cubeide_1.8.0/stm32cubeide/plugins/com.st.stm32cube.ide.mcu.externaltools.gnu-tools-for-stm32.9-2020-q2-update.win32_2.0.0.202105311346/tools/bin/../lib/gcc/arm-none-eabi/9.3.1/thumb/v7e-m/nofp\libgcc.a(_dvmd_tls.o)
                              c:/st/stm32cubeide_1.8.0/stm32cubeide/plugins/com.st.stm32cube.ide.mcu.externaltools.gnu-tools-for-stm32.9-2020-q2-update.win32_2.0.0.202105311346/tools/bin/../lib/gcc/arm-none-eabi/9.3.1/thumb/v7e-m/nofp\libgcc.a(_aeabi_uldivmod.o) (__aeabi_ldiv0)
c:/st/stm32cubeide_1.8.0/stm32cubeide/plugins/com.st.stm32cube.ide.mcu.externaltools.gnu-tools-for-stm32.9-2020-q2-update.win32_2.0.0.202105311346/tools/bin/../lib/gcc/arm-none-eabi/9.3.1/../../../../arm-none-eabi/lib/thumb/v7e-m/nofp\libg.a(lib_a-errno.o)
                              CMakeFiles/NTO_Discovery.elf.dir/Core/Src/syscalls.c.obj (__errno)
c:/st/stm32cubeide_1.8.0/stm32cubeide/plugins/com.st.stm32cube.ide.mcu.externaltools.gnu-tools-for-stm32.9-2020-q2-update.win32_2.0.0.202105311346/tools/bin/../lib/gcc/arm-none-eabi/9.3.1/../../../../arm-none-eabi/lib/thumb/v7e-m/nofp\libg.a(lib_a-exit.o)
                              c:/st/stm32cubeide_1.8.0/stm32cubeide/plugins/com.st.stm32cube.ide.mcu.externaltools.gnu-tools-for-stm32.9-2020-q2-update.win32_2.0.0.202105311346/tools/bin/../lib/gcc/arm-none-eabi/9.3.1/../../../../arm-none-eabi/lib/thumb/v7e-m/nofp/crt0.o (exit)
c:/st/stm32cubeide_1.8.0/stm32cubeide/plugins/com.st.stm32cube.ide.mcu.externaltools.gnu-tools-for-stm32.9-2020-q2-update.win32_2.0.0.202105311346/tools/bin/../lib/gcc/arm-none-eabi/9.3.1/../../../../arm-none-eabi/lib/thumb/v7e-m/nofp\libg.a(lib_a-impure.o)
                              c:/st/stm32cubeide_1.8.0/stm32cubeide/plugins/com.st.stm32cube.ide.mcu.externaltools.gnu-tools-for-stm32.9-2020-q2-update.win32_2.0.0.202105311346/tools/bin/../lib/gcc/arm-none-eabi/9.3.1/../../../../arm-none-eabi/lib/thumb/v7e-m/nofp\libg.a(lib_a-exit.o) (_global_impure_ptr)
c:/st/stm32cubeide_1.8.0/stm32cubeide/plugins/com.st.stm32cube.ide.mcu.externaltools.gnu-tools-for-stm32.9-2020-q2-update.win32_2.0.0.202105311346/tools/bin/../lib/gcc/arm-none-eabi/9.3.1/../../../../arm-none-eabi/lib/thumb/v7e-m/nofp\libg.a(lib_a-init.o)
                              c:/st/stm32cubeide_1.8.0/stm32cubeide/plugins/com.st.stm32cube.ide.mcu.externaltools.gnu-tools-for-stm32.9-2020-q2-update.win32_2.0.0.202105311346/tools/bin/../lib/gcc/arm-none-eabi/9.3.1/../../../../arm-none-eabi/lib/thumb/v7e-m/nofp/crt0.o (__libc_init_array)
[...]
Memory Configuration

Name             Origin             Length             Attributes
CCMRAM           0x0000000010000000 0x0000000000010000 xrw
RAM              0x0000000020000000 0x0000000000020000 xrw
FLASH            0x0000000008000000 0x0000000000100000 xr
*default*        0x0000000000000000 0xffffffffffffffff

Linker script and memory map

LOAD c:/st/stm32cubeide_1.8.0/stm32cubeide/plugins/com.st.stm32cube.ide.mcu.externaltools.gnu-tools-for-stm32.9-2020-q2-update.win32_2.0.0.202105311346/tools/bin/../lib/gcc/arm-none-eabi/9.3.1/thumb/v7e-m/nofp/crti.o
LOAD c:/st/stm32cubeide_1.8.0/stm32cubeide/plugins/com.st.stm32cube.ide.mcu.externaltools.gnu-tools-for-stm32.9-2020-q2-update.win32_2.0.0.202105311346/tools/bin/../lib/gcc/arm-none-eabi/9.3.1/thumb/v7e-m/nofp/crtbegin.o
LOAD c:/st/stm32cubeide_1.8.0/stm32cubeide/plugins/com.st.stm32cube.ide.mcu.externaltools.gnu-tools-for-stm32.9-2020-q2-update.win32_2.0.0.202105311346/tools/bin/../lib/gcc/arm-none-eabi/9.3.1/../../../../arm-none-eabi/lib/thumb/v7e-m/nofp/crt0.o
LOAD CMakeFiles/NTO_Discovery.elf.dir/Core/Src/fonts.c.obj
LOAD CMakeFiles/NTO_Discovery.elf.dir/Core/Src/main.c.obj
LOAD CMakeFiles/NTO_Discovery.elf.dir/Core/Src/ssd1306.c.obj
LOAD CMakeFiles/NTO_Discovery.elf.dir/Core/Src/stm32f4xx_hal_msp.c.obj
LOAD CMakeFiles/NTO_Discovery.elf.dir/Core/Src/stm32f4xx_it.c.obj
LOAD CMakeFiles/NTO_Discovery.elf.dir/Core/Src/syscalls.c.obj
LOAD CMakeFiles/NTO_Discovery.elf.dir/Core/Src/sysmem.c.obj
LOAD CMakeFiles/NTO_Discovery.elf.dir/Core/Src/system_stm32f4xx.c.obj
LOAD CMakeFiles/NTO_Discovery.elf.dir/Core/Src/test.c.obj
LOAD CMakeFiles/NTO_Discovery.elf.dir/Core/Startup/startup_stm32f407vgtx.s.obj
LOAD CMakeFiles/NTO_Discovery.elf.dir/Drivers/STM32F4xx_HAL_Driver/Src/stm32f4xx_hal.c.obj
LOAD CMakeFiles/NTO_Discovery.elf.dir/Drivers/STM32F4xx_HAL_Driver/Src/stm32f4xx_hal_adc.c.obj
LOAD CMakeFiles/NTO_Discovery.elf.dir/Drivers/STM32F4xx_HAL_Driver/Src/stm32f4xx_hal_adc_ex.c.obj
LOAD CMakeFiles/NTO_Discovery.elf.dir/Drivers/STM32F4xx_HAL_Driver/Src/stm32f4xx_hal_cortex.c.obj
LOAD CMakeFiles/NTO_Discovery.elf.dir/Drivers/STM32F4xx_HAL_Driver/Src/stm32f4xx_hal_dma.c.obj
LOAD CMakeFiles/NTO_Discovery.elf.dir/Drivers/STM32F4xx_HAL_Driver/Src/stm32f4xx_hal_dma_ex.c.obj
LOAD CMakeFiles/NTO_Discovery.elf.dir/Drivers/STM32F4xx_HAL_Driver/Src/stm32f4xx_hal_exti.c.obj
LOAD CMakeFiles/NTO_Discovery.elf.dir/Drivers/STM32F4xx_HAL_Driver/Src/stm32f4xx_hal_flash.c.obj
LOAD CMakeFiles/NTO_Discovery.elf.dir/Drivers/STM32F4xx_HAL_Driver/Src/stm32f4xx_hal_flash_ex.c.obj
LOAD CMakeFiles/NTO_Discovery.elf.dir/Drivers/STM32F4xx_HAL_Driver/Src/stm32f4xx_hal_flash_ramfunc.c.obj
LOAD CMakeFiles/NTO_Discovery.elf.dir/Drivers/STM32F4xx_HAL_Driver/Src/stm32f4xx_hal_gpio.c.obj
LOAD CMakeFiles/NTO_Discovery.elf.dir/Drivers/STM32F4xx_HAL_Driver/Src/stm32f4xx_hal_i2c.c.obj
LOAD CMakeFiles/NTO_Discovery.elf.dir/Drivers/STM32F4xx_HAL_Driver/Src/stm32f4xx_hal_i2c_ex.c.obj
LOAD CMakeFiles/NTO_Discovery.elf.dir/Drivers/STM32F4xx_HAL_Driver/Src/stm32f4xx_hal_i2s.c.obj
LOAD CMakeFiles/NTO_Discovery.elf.dir/Drivers/STM32F4xx_HAL_Driver/Src/stm32f4xx_hal_i2s_ex.c.obj
LOAD CMakeFiles/NTO_Discovery.elf.dir/Drivers/STM32F4xx_HAL_Driver/Src/stm32f4xx_hal_pwr.c.obj
LOAD CMakeFiles/NTO_Discovery.elf.dir/Drivers/STM32F4xx_HAL_Driver/Src/stm32f4xx_hal_pwr_ex.c.obj
LOAD CMakeFiles/NTO_Discovery.elf.dir/Drivers/STM32F4xx_HAL_Driver/Src/stm32f4xx_hal_rcc.c.obj
LOAD CMakeFiles/NTO_Discovery.elf.dir/Drivers/STM32F4xx_HAL_Driver/Src/stm32f4xx_hal_rcc_ex.c.obj
LOAD CMakeFiles/NTO_Discovery.elf.dir/Drivers/STM32F4xx_HAL_Driver/Src/stm32f4xx_hal_spi.c.obj
LOAD CMakeFiles/NTO_Discovery.elf.dir/Drivers/STM32F4xx_HAL_Driver/Src/stm32f4xx_hal_tim.c.obj
LOAD CMakeFiles/NTO_Discovery.elf.dir/Drivers/STM32F4xx_HAL_Driver/Src/stm32f4xx_hal_tim_ex.c.obj
LOAD CMakeFiles/NTO_Discovery.elf.dir/Drivers/STM32F4xx_HAL_Driver/Src/stm32f4xx_hal_uart.c.obj
START GROUP
LOAD c:/st/stm32cubeide_1.8.0/stm32cubeide/plugins/com.st.stm32cube.ide.mcu.externaltools.gnu-tools-for-stm32.9-2020-q2-update.win32_2.0.0.202105311346/tools/bin/../lib/gcc/arm-none-eabi/9.3.1/thumb/v7e-m/nofp\libgcc.a
LOAD c:/st/stm32cubeide_1.8.0/stm32cubeide/plugins/com.st.stm32cube.ide.mcu.externaltools.gnu-tools-for-stm32.9-2020-q2-update.win32_2.0.0.202105311346/tools/bin/../lib/gcc/arm-none-eabi/9.3.1/../../../../arm-none-eabi/lib/thumb/v7e-m/nofp\libg.a
LOAD c:/st/stm32cubeide_1.8.0/stm32cubeide/plugins/com.st.stm32cube.ide.mcu.externaltools.gnu-tools-for-stm32.9-2020-q2-update.win32_2.0.0.202105311346/tools/bin/../lib/gcc/arm-none-eabi/9.3.1/../../../../arm-none-eabi/lib/thumb/v7e-m/nofp\libc.a
END GROUP
LOAD c:/st/stm32cubeide_1.8.0/stm32cubeide/plugins/com.st.stm32cube.ide.mcu.externaltools.gnu-tools-for-stm32.9-2020-q2-update.win32_2.0.0.202105311346/tools/bin/../lib/gcc/arm-none-eabi/9.3.1/thumb/v7e-m/nofp/crtend.o
LOAD c:/st/stm32cubeide_1.8.0/stm32cubeide/plugins/com.st.stm32cube.ide.mcu.externaltools.gnu-tools-for-stm32.9-2020-q2-update.win32_2.0.0.202105311346/tools/bin/../lib/gcc/arm-none-eabi/9.3.1/thumb/v7e-m/nofp/crtn.o
                0x0000000020020000                _estack = (ORIGIN (RAM) + LENGTH (RAM))
                0x0000000000000200                _Min_Heap_Size = 0x200
                0x0000000000000400                _Min_Stack_Size = 0x400

.isr_vector     0x0000000008000000      0x188
                0x0000000008000000                . = ALIGN (0x4)
 *(.isr_vector)
 .isr_vector    0x0000000008000000      0x188 CMakeFiles/NTO_Discovery.elf.dir/Core/Startup/startup_stm32f407vgtx.s.obj
                0x0000000008000000                g_pfnVectors
                0x0000000008000188                . = ALIGN (0x4)

.text           0x0000000008000188     0x4ee4
                0x0000000008000188                . = ALIGN (0x4)
 *(.text)
 .text          0x0000000008000188       0x40 c:/st/stm32cubeide_1.8.0/stm32cubeide/plugins/com.st.stm32cube.ide.mcu.externaltools.gnu-tools-for-stm32.9-2020-q2-update.win32_2.0.0.202105311346/tools/bin/../lib/gcc/arm-none-eabi/9.3.1/thumb/v7e-m/nofp/crtbegin.o
 .text          0x00000000080001c8      0x168 c:/st/stm32cubeide_1.8.0/stm32cubeide/plugins/com.st.stm32cube.ide.mcu.externaltools.gnu-tools-for-stm32.9-2020-q2-update.win32_2.0.0.202105311346/tools/bin/../lib/gcc/arm-none-eabi/9.3.1/thumb/v7e-m/nofp\libgcc.a(_arm_mulsf3.o)
                0x00000000080001c8                __aeabi_fmul
                0x00000000080001c8                __mulsf3
 .text          0x0000000008000330      0x21c c:/st/stm32cubeide_1.8.0/stm32cubeide/plugins/com.st.stm32cube.ide.mcu.externaltools.gnu-tools-for-stm32.9-2020-q2-update.win32_2.0.0.202105311346/tools/bin/../lib/gcc/arm-none-eabi/9.3.1/thumb/v7e-m/nofp\libgcc.a(_arm_addsubsf3.o)
                0x0000000008000330                __aeabi_frsub
                0x0000000008000338                __subsf3
                0x0000000008000338                __aeabi_fsub
                0x000000000800033c                __aeabi_fadd
                0x000000000800033c                __addsf3
                0x000000000800049c                __aeabi_ui2f
                0x000000000800049c                __floatunsisf
                0x00000000080004a4                __aeabi_i2f
                0x00000000080004a4                __floatsisf
                0x00000000080004c0                __aeabi_ul2f
                0x00000000080004c0                __floatundisf
                0x00000000080004d0                __aeabi_l2f
                0x00000000080004d0                __floatdisf
 .text          0x000000000800054c       0xec c:/st/stm32cubeide_1.8.0/stm32cubeide/plugins/com.st.stm32cube.ide.mcu.externaltools.gnu-tools-for-stm32.9-2020-q2-update.win32_2.0.0.202105311346/tools/bin/../lib/gcc/arm-none-eabi/9.3.1/thumb/v7e-m/nofp\libgcc.a(_arm_cmpsf2.o)
                0x000000000800054c                __gesf2
                0x000000000800054c                __gtsf2
                0x0000000008000554                __lesf2
                0x0000000008000554                __ltsf2
                0x000000000800055c                __nesf2
                0x000000000800055c                __eqsf2
                0x000000000800055c                __cmpsf2
                0x00000000080005bc                __aeabi_cfrcmple
                0x00000000080005c4                __aeabi_cfcmpeq
                0x00000000080005c4                __aeabi_cfcmple
                0x00000000080005d4                __aeabi_fcmpeq
                0x00000000080005e8                __aeabi_fcmplt
                0x00000000080005fc                __aeabi_fcmple
                0x0000000008000610                __aeabi_fcmpge
                0x0000000008000624                __aeabi_fcmpgt
 .text          0x0000000008000638       0x4c c:/st/stm32cubeide_1.8.0/stm32cubeide/plugins/com.st.stm32cube.ide.mcu.externaltools.gnu-tools-for-stm32.9-2020-q2-update.win32_2.0.0.202105311346/tools/bin/../lib/gcc/arm-none-eabi/9.3.1/thumb/v7e-m/nofp\libgcc.a(_arm_fixsfsi.o)
                0x0000000008000638                __aeabi_f2iz
                0x0000000008000638                __fixsfsi
 .text          0x0000000008000684       0x30 c:/st/stm32cubeide_1.8.0/stm32cubeide/plugins/com.st.stm32cube.ide.mcu.externaltools.gnu-tools-for-stm32.9-2020-q2-update.win32_2.0.0.202105311346/tools/bin/../lib/gcc/arm-none-eabi/9.3.1/thumb/v7e-m/nofp\libgcc.a(_aeabi_uldivmod.o)
                0x0000000008000684                __aeabi_uldivmod
 .text          0x00000000080006b4      0x2c0 c:/st/stm32cubeide_1.8.0/stm32cubeide/plugins/com.st.stm32cube.ide.mcu.externaltools.gnu-tools-for-stm32.9-2020-q2-update.win32_2.0.0.202105311346/tools/bin/../lib/gcc/arm-none-eabi/9.3.1/thumb/v7e-m/nofp\libgcc.a(_udivmoddi4.o)
                0x00000000080006b4                __udivmoddi4
 .text          0x0000000008000974        0x4 c:/st/stm32cubeide_1.8.0/stm32cubeide/plugins/com.st.stm32cube.ide.mcu.externaltools.gnu-tools-for-stm32.9-2020-q2-update.win32_2.0.0.202105311346/tools/bin/../lib/gcc/arm-none-eabi/9.3.1/thumb/v7e-m/nofp\libgcc.a(_dvmd_tls.o)
                0x0000000008000974                __aeabi_idiv0
                0x0000000008000974                __aeabi_ldiv0
 *(.text*)
 .text.MX_GPIO_Init
                0x0000000008000978      0x1f0 CMakeFiles/NTO_Discovery.elf.dir/Core/Src/main.c.obj
 .text.MX_DMA_Init
                0x0000000008000b68       0x34 CMakeFiles/NTO_Discovery.elf.dir/Core/Src/main.c.obj
 .text.MX_I2C1_Init
                0x0000000008000b9c       0x34 CMakeFiles/NTO_Discovery.elf.dir/Core/Src/main.c.obj
 .text.MX_I2C3_Init
                0x0000000008000bd0       0x34 CMakeFiles/NTO_Discovery.elf.dir/Core/Src/main.c.obj
 .text.MX_I2S3_Init
                0x0000000008000c04       0x34 CMakeFiles/NTO_Discovery.elf.dir/Core/Src/main.c.obj
 .text.MX_SPI1_Init
                0x0000000008000c38       0x38 CMakeFiles/NTO_Discovery.elf.dir/Core/Src/main.c.obj
 .text.MX_USART2_UART_Init
                0x0000000008000c70       0x2c CMakeFiles/NTO_Discovery.elf.dir/Core/Src/main.c.obj
 .text.MX_TIM1_Init
                0x0000000008000c9c       0xa0 CMakeFiles/NTO_Discovery.elf.dir/Core/Src/main.c.obj
 .text.MX_ADC1_Init
                0x0000000008000d3c       0x5c CMakeFiles/NTO_Discovery.elf.dir/Core/Src/main.c.obj
 .text.MX_TIM6_Init
                0x0000000008000d98       0x40 CMakeFiles/NTO_Discovery.elf.dir/Core/Src/main.c.obj
 .text.Set_Pin_Output
                0x0000000008000dd8       0x1e CMakeFiles/NTO_Discovery.elf.dir/Core/Src/main.c.obj
                0x0000000008000dd8                Set_Pin_Output
 .text.Set_Pin_Input
                0x0000000008000df6       0x1e CMakeFiles/NTO_Discovery.elf.dir/Core/Src/main.c.obj
                0x0000000008000df6                Set_Pin_Input
 .text.Horse_animation
                0x0000000008000e14      0x130 CMakeFiles/NTO_Discovery.elf.dir/Core/Src/main.c.obj
                0x0000000008000e14                Horse_animation
 .text.setPWMforward
                0x0000000008000f44       0x2c CMakeFiles/NTO_Discovery.elf.dir/Core/Src/main.c.obj
                0x0000000008000f44                setPWMforward
 .text.setPWMbackward
                0x0000000008000f70       0x30 CMakeFiles/NTO_Discovery.elf.dir/Core/Src/main.c.obj
                0x0000000008000f70                setPWMbackward
 .text.ride_moto
                0x0000000008000fa0       0x12 CMakeFiles/NTO_Discovery.elf.dir/Core/Src/main.c.obj
                0x0000000008000fa0                ride_moto
 *fill*         0x0000000008000fb2        0x2 
 .text.UART_swipe
                0x0000000008000fb4       0xf8 CMakeFiles/NTO_Discovery.elf.dir/Core/Src/main.c.obj
                0x0000000008000fb4                UART_swipe
 .text.Display_update
                0x00000000080010ac      0x1a4 CMakeFiles/NTO_Discovery.elf.dir/Core/Src/main.c.obj
                0x00000000080010ac                Display_update
 .text.delay_us
                0x0000000008001250       0x2c CMakeFiles/NTO_Discovery.elf.dir/Core/Src/main.c.obj
                0x0000000008001250                delay_us
 .text.DHT11_Start
                0x000000000800127c       0x3c CMakeFiles/NTO_Discovery.elf.dir/Core/Src/main.c.obj
                0x000000000800127c                DHT11_Start
 .text.DHT11_Check_Response
                0x00000000080012b8       0x40 CMakeFiles/NTO_Discovery.elf.dir/Core/Src/main.c.obj
                0x00000000080012b8                DHT11_Check_Response
 .text.DHT11_Read
                0x00000000080012f8       0x5c CMakeFiles/NTO_Discovery.elf.dir/Core/Src/main.c.obj
                0x00000000080012f8                DHT11_Read
 .text.RABOTAY_DATCHIK
                0x0000000008001354       0x80 CMakeFiles/NTO_Discovery.elf.dir/Core/Src/main.c.obj
                0x0000000008001354                RABOTAY_DATCHIK
 .text.DWT_Init
                0x00000000080013d4       0x28 CMakeFiles/NTO_Discovery.elf.dir/Core/Src/main.c.obj
                0x00000000080013d4                DWT_Init
 .text.SystemClock_Config
                0x00000000080013fc       0xb0 CMakeFiles/NTO_Discovery.elf.dir/Core/Src/main.c.obj
                0x00000000080013fc                SystemClock_Config
 .text.main     0x00000000080014ac      0x26c CMakeFiles/NTO_Discovery.elf.dir/Core/Src/main.c.obj
                0x00000000080014ac                main
 .text.Error_Handler
                0x0000000008001718        0x2 CMakeFiles/NTO_Discovery.elf.dir/Core/Src/main.c.obj
                0x0000000008001718                Error_Handler
 *fill*         0x000000000800171a        0x2 
 .text.SSD1306_Fill
                0x000000000800171c       0x1c CMakeFiles/NTO_Discovery.elf.dir/Core/Src/ssd1306.c.obj
                0x000000000800171c                SSD1306_Fill
 .text.SSD1306_DrawPixel
                0x0000000008001738       0x54 CMakeFiles/NTO_Discovery.elf.dir/Core/Src/ssd1306.c.obj
                0x0000000008001738                SSD1306_DrawPixel
 .text.SSD1306_DrawBitmap
                0x000000000800178c       0x94 CMakeFiles/NTO_Discovery.elf.dir/Core/Src/ssd1306.c.obj
                0x000000000800178c                SSD1306_DrawBitmap
 .text.SSD1306_GotoXY
                0x0000000008001820        0xc CMakeFiles/NTO_Discovery.elf.dir/Core/Src/ssd1306.c.obj
                0x0000000008001820                SSD1306_GotoXY
 .text.SSD1306_Putc
                0x000000000800182c       0x9c CMakeFiles/NTO_Discovery.elf.dir/Core/Src/ssd1306.c.obj
                0x000000000800182c                SSD1306_Putc
 .text.SSD1306_Puts
                0x00000000080018c8       0x22 CMakeFiles/NTO_Discovery.elf.dir/Core/Src/ssd1306.c.obj
                0x00000000080018c8                SSD1306_Puts
 *fill*         0x00000000080018ea        0x2 
 .text.ssd1306_I2C_WriteMulti
                0x00000000080018ec       0x38 CMakeFiles/NTO_Discovery.elf.dir/Core/Src/ssd1306.c.obj
                0x00000000080018ec                ssd1306_I2C_WriteMulti
 .text.ssd1306_I2C_Write
                0x0000000008001924       0x28 CMakeFiles/NTO_Discovery.elf.dir/Core/Src/ssd1306.c.obj
                0x0000000008001924                ssd1306_I2C_Write
 .text.SSD1306_UpdateScreen
                0x000000000800194c       0x48 CMakeFiles/NTO_Discovery.elf.dir/Core/Src/ssd1306.c.obj
                0x000000000800194c                SSD1306_UpdateScreen
 .text.SSD1306_Clear
                0x0000000008001994        0xe CMakeFiles/NTO_Discovery.elf.dir/Core/Src/ssd1306.c.obj
                0x0000000008001994                SSD1306_Clear
 *fill*         0x00000000080019a2        0x2 
 .text.SSD1306_Init
                0x00000000080019a4      0x168 CMakeFiles/NTO_Discovery.elf.dir/Core/Src/ssd1306.c.obj
                0x00000000080019a4                SSD1306_Init
 .text.HAL_MspInit
                0x0000000008001b0c       0x40 CMakeFiles/NTO_Discovery.elf.dir/Core/Src/stm32f4xx_hal_msp.c.obj
                0x0000000008001b0c                HAL_MspInit
 .text.HAL_ADC_MspInit
                0x0000000008001b4c       0xac CMakeFiles/NTO_Discovery.elf.dir/Core/Src/stm32f4xx_hal_msp.c.obj
                0x0000000008001b4c                HAL_ADC_MspInit
 .text.HAL_I2C_MspInit
                0x0000000008001bf8      0x10c CMakeFiles/NTO_Discovery.elf.dir/Core/Src/stm32f4xx_hal_msp.c.obj
                0x0000000008001bf8                HAL_I2C_MspInit
 .text.HAL_I2S_MspInit
                0x0000000008001d04       0x9c CMakeFiles/NTO_Discovery.elf.dir/Core/Src/stm32f4xx_hal_msp.c.obj
                0x0000000008001d04                HAL_I2S_MspInit
 .text.HAL_SPI_MspInit
                0x0000000008001da0       0x70 CMakeFiles/NTO_Discovery.elf.dir/Core/Src/stm32f4xx_hal_msp.c.obj
                0x0000000008001da0                HAL_SPI_MspInit
 .text.HAL_TIM_PWM_MspInit
                0x0000000008001e10       0x30 CMakeFiles/NTO_Discovery.elf.dir/Core/Src/stm32f4xx_hal_msp.c.obj
                0x0000000008001e10                HAL_TIM_PWM_MspInit
 .text.HAL_TIM_Base_MspInit
                0x0000000008001e40       0x30 CMakeFiles/NTO_Discovery.elf.dir/Core/Src/stm32f4xx_hal_msp.c.obj
                0x0000000008001e40                HAL_TIM_Base_MspInit
 .text.HAL_TIM_MspPostInit
                0x0000000008001e70       0x5c CMakeFiles/NTO_Discovery.elf.dir/Core/Src/stm32f4xx_hal_msp.c.obj
                0x0000000008001e70                HAL_TIM_MspPostInit
 .text.HAL_UART_MspInit
                0x0000000008001ecc       0x80 CMakeFiles/NTO_Discovery.elf.dir/Core/Src/stm32f4xx_hal_msp.c.obj
                0x0000000008001ecc                HAL_UART_MspInit
 .text.NMI_Handler
                0x0000000008001f4c        0x2 CMakeFiles/NTO_Discovery.elf.dir/Core/Src/stm32f4xx_it.c.obj
                0x0000000008001f4c                NMI_Handler
 .text.HardFault_Handler
                0x0000000008001f4e        0x2 CMakeFiles/NTO_Discovery.elf.dir/Core/Src/stm32f4xx_it.c.obj
                0x0000000008001f4e                HardFault_Handler
 .text.MemManage_Handler
                0x0000000008001f50        0x2 CMakeFiles/NTO_Discovery.elf.dir/Core/Src/stm32f4xx_it.c.obj
                0x0000000008001f50                MemManage_Handler
 .text.BusFault_Handler
                0x0000000008001f52        0x2 CMakeFiles/NTO_Discovery.elf.dir/Core/Src/stm32f4xx_it.c.obj
                0x0000000008001f52                BusFault_Handler
 .text.UsageFault_Handler
                0x0000000008001f54        0x2 CMakeFiles/NTO_Discovery.elf.dir/Core/Src/stm32f4xx_it.c.obj
                0x0000000008001f54                UsageFault_Handler
 .text.SVC_Handler
                0x0000000008001f56        0x2 CMakeFiles/NTO_Discovery.elf.dir/Core/Src/stm32f4xx_it.c.obj
                0x0000000008001f56                SVC_Handler
 .text.DebugMon_Handler
                0x0000000008001f58        0x2 CMakeFiles/NTO_Discovery.elf.dir/Core/Src/stm32f4xx_it.c.obj
                0x0000000008001f58                DebugMon_Handler
 .text.PendSV_Handler
                0x0000000008001f5a        0x2 CMakeFiles/NTO_Discovery.elf.dir/Core/Src/stm32f4xx_it.c.obj
                0x0000000008001f5a                PendSV_Handler
 .text.SysTick_Handler
                0x0000000008001f5c        0x8 CMakeFiles/NTO_Discovery.elf.dir/Core/Src/stm32f4xx_it.c.obj
                0x0000000008001f5c                SysTick_Handler
 .text.USART2_IRQHandler
                0x0000000008001f64       0x10 CMakeFiles/NTO_Discovery.elf.dir/Core/Src/stm32f4xx_it.c.obj
                0x0000000008001f64                USART2_IRQHandler
 .text.DMA2_Stream0_IRQHandler
                0x0000000008001f74       0x10 CMakeFiles/NTO_Discovery.elf.dir/Core/Src/stm32f4xx_it.c.obj
                0x0000000008001f74                DMA2_Stream0_IRQHandler
 .text.SystemInit
                0x0000000008001f84       0x10 CMakeFiles/NTO_Discovery.elf.dir/Core/Src/system_stm32f4xx.c.obj
                0x0000000008001f84                SystemInit
 .text.Reset_Handler
                0x0000000008001f94       0x50 CMakeFiles/NTO_Discovery.elf.dir/Core/Startup/startup_stm32f407vgtx.s.obj
                0x0000000008001f94                Reset_Handler
 .text.Default_Handler
                0x0000000008001fe4        0x2 CMakeFiles/NTO_Discovery.elf.dir/Core/Startup/startup_stm32f407vgtx.s.obj
                0x0000000008001fe4                RTC_Alarm_IRQHandler
                0x0000000008001fe4                HASH_RNG_IRQHandler
                0x0000000008001fe4                EXTI2_IRQHandler
                0x0000000008001fe4                TIM8_CC_IRQHandler
                0x0000000008001fe4                TIM1_CC_IRQHandler
                0x0000000008001fe4                DMA2_Stream5_IRQHandler
                0x0000000008001fe4                DMA1_Stream5_IRQHandler
                0x0000000008001fe4                PVD_IRQHandler
                0x0000000008001fe4                SDIO_IRQHandler
                0x0000000008001fe4                TAMP_STAMP_IRQHandler
                0x0000000008001fe4                CAN2_RX1_IRQHandler
                0x0000000008001fe4                EXTI3_IRQHandler
                0x0000000008001fe4                TIM8_TRG_COM_TIM14_IRQHandler
                0x0000000008001fe4                TIM1_UP_TIM10_IRQHandler
                0x0000000008001fe4                TIM8_UP_TIM13_IRQHandler
                0x0000000008001fe4                I2C3_ER_IRQHandler
                0x0000000008001fe4                EXTI0_IRQHandler
                0x0000000008001fe4                I2C2_EV_IRQHandler
                0x0000000008001fe4                DMA1_Stream2_IRQHandler
                0x0000000008001fe4                CAN1_RX0_IRQHandler
                0x0000000008001fe4                FPU_IRQHandler
                0x0000000008001fe4                OTG_HS_WKUP_IRQHandler
                0x0000000008001fe4                CAN2_SCE_IRQHandler
                0x0000000008001fe4                DMA2_Stream2_IRQHandler
                0x0000000008001fe4                SPI1_IRQHandler
                0x0000000008001fe4                TIM6_DAC_IRQHandler
                0x0000000008001fe4                TIM1_BRK_TIM9_IRQHandler
                0x0000000008001fe4                DCMI_IRQHandler
                0x0000000008001fe4                CAN2_RX0_IRQHandler
                0x0000000008001fe4                DMA2_Stream3_IRQHandler
                0x0000000008001fe4                USART6_IRQHandler
                0x0000000008001fe4                USART3_IRQHandler
                0x0000000008001fe4                CAN1_RX1_IRQHandler
                0x0000000008001fe4                UART5_IRQHandler
                0x0000000008001fe4                TIM4_IRQHandler
                0x0000000008001fe4                I2C1_EV_IRQHandler
                0x0000000008001fe4                DMA1_Stream6_IRQHandler
                0x0000000008001fe4                DMA1_Stream1_IRQHandler
                0x0000000008001fe4                UART4_IRQHandler
                0x0000000008001fe4                TIM3_IRQHandler
                0x0000000008001fe4                RCC_IRQHandler
                0x0000000008001fe4                TIM8_BRK_TIM12_IRQHandler
                0x0000000008001fe4                Default_Handler
                0x0000000008001fe4                EXTI15_10_IRQHandler
                0x0000000008001fe4                ADC_IRQHandler
                0x0000000008001fe4                DMA1_Stream7_IRQHandler
                0x0000000008001fe4                TIM7_IRQHandler
                0x0000000008001fe4                CAN2_TX_IRQHandler
                0x0000000008001fe4                TIM5_IRQHandler
                0x0000000008001fe4                DMA2_Stream7_IRQHandler
                0x0000000008001fe4                I2C3_EV_IRQHandler
                0x0000000008001fe4                EXTI9_5_IRQHandler
                0x0000000008001fe4                RTC_WKUP_IRQHandler
                0x0000000008001fe4                ETH_WKUP_IRQHandler
                0x0000000008001fe4                SPI2_IRQHandler
                0x0000000008001fe4                OTG_HS_EP1_IN_IRQHandler
                0x0000000008001fe4                DMA1_Stream0_IRQHandler
                0x0000000008001fe4                CAN1_TX_IRQHandler
                0x0000000008001fe4                EXTI4_IRQHandler
                0x0000000008001fe4                FSMC_IRQHandler
                0x0000000008001fe4                ETH_IRQHandler
                0x0000000008001fe4                OTG_HS_EP1_OUT_IRQHandler
                0x0000000008001fe4                WWDG_IRQHandler
                0x0000000008001fe4                TIM2_IRQHandler
                0x0000000008001fe4                OTG_FS_WKUP_IRQHandler
                0x0000000008001fe4                TIM1_TRG_COM_TIM11_IRQHandler
                0x0000000008001fe4                OTG_HS_IRQHandler
                0x0000000008001fe4                EXTI1_IRQHandler
                0x0000000008001fe4                I2C2_ER_IRQHandler
                0x0000000008001fe4                DMA2_Stream1_IRQHandler
                0x0000000008001fe4                CAN1_SCE_IRQHandler
                0x0000000008001fe4                FLASH_IRQHandler
                0x0000000008001fe4                DMA2_Stream4_IRQHandler
                0x0000000008001fe4                USART1_IRQHandler
                0x0000000008001fe4                OTG_FS_IRQHandler
                0x0000000008001fe4                SPI3_IRQHandler
                0x0000000008001fe4                DMA1_Stream4_IRQHandler
                0x0000000008001fe4                I2C1_ER_IRQHandler
                0x0000000008001fe4                DMA2_Stream6_IRQHandler
                0x0000000008001fe4                DMA1_Stream3_IRQHandler
 *fill*         0x0000000008001fe6        0x2 
 .text.HAL_InitTick
                0x0000000008001fe8       0x4c CMakeFiles/NTO_Discovery.elf.dir/Drivers/STM32F4xx_HAL_Driver/Src/stm32f4xx_hal.c.obj
                0x0000000008001fe8                HAL_InitTick
 .text.HAL_Init
                0x0000000008002034       0x34 CMakeFiles/NTO_Discovery.elf.dir/Drivers/STM32F4xx_HAL_Driver/Src/stm32f4xx_hal.c.obj
                0x0000000008002034                HAL_Init
 .text.HAL_IncTick
                0x0000000008002068       0x18 CMakeFiles/NTO_Discovery.elf.dir/Drivers/STM32F4xx_HAL_Driver/Src/stm32f4xx_hal.c.obj
                0x0000000008002068                HAL_IncTick
 .text.HAL_GetTick
                0x0000000008002080        0xc CMakeFiles/NTO_Discovery.elf.dir/Drivers/STM32F4xx_HAL_Driver/Src/stm32f4xx_hal.c.obj
                0x0000000008002080                HAL_GetTick
 .text.HAL_Delay
                0x000000000800208c       0x28 CMakeFiles/NTO_Discovery.elf.dir/Drivers/STM32F4xx_HAL_Driver/Src/stm32f4xx_hal.c.obj
                0x000000000800208c                HAL_Delay
 .text.ADC_Init
                0x00000000080020b4      0x134 CMakeFiles/NTO_Discovery.elf.dir/Drivers/STM32F4xx_HAL_Driver/Src/stm32f4xx_hal_adc.c.obj
 .text.HAL_ADC_Init
                0x00000000080021e8       0x56 CMakeFiles/NTO_Discovery.elf.dir/Drivers/STM32F4xx_HAL_Driver/Src/stm32f4xx_hal_adc.c.obj
                0x00000000080021e8                HAL_ADC_Init
 *fill*         0x000000000800223e        0x2 
 .text.HAL_ADC_Start_IT
                0x0000000008002240      0x140 CMakeFiles/NTO_Discovery.elf.dir/Drivers/STM32F4xx_HAL_Driver/Src/stm32f4xx_hal_adc.c.obj
                0x0000000008002240                HAL_ADC_Start_IT
 .text.HAL_ADC_Start_DMA
                0x0000000008002380      0x17c CMakeFiles/NTO_Discovery.elf.dir/Drivers/STM32F4xx_HAL_Driver/Src/stm32f4xx_hal_adc.c.obj
                0x0000000008002380                HAL_ADC_Start_DMA
 .text.HAL_ADC_ConvCpltCallback
                0x00000000080024fc        0x2 CMakeFiles/NTO_Discovery.elf.dir/Drivers/STM32F4xx_HAL_Driver/Src/stm32f4xx_hal_adc.c.obj
                0x00000000080024fc                HAL_ADC_ConvCpltCallback
 .text.HAL_ADC_ConvHalfCpltCallback
                0x00000000080024fe        0x2 CMakeFiles/NTO_Discovery.elf.dir/Drivers/STM32F4xx_HAL_Driver/Src/stm32f4xx_hal_adc.c.obj
                0x00000000080024fe                HAL_ADC_ConvHalfCpltCallback
 .text.ADC_DMAHalfConvCplt
                0x0000000008002500        0xa CMakeFiles/NTO_Discovery.elf.dir/Drivers/STM32F4xx_HAL_Driver/Src/stm32f4xx_hal_adc.c.obj
 .text.HAL_ADC_ErrorCallback
                0x000000000800250a        0x2 CMakeFiles/NTO_Discovery.elf.dir/Drivers/STM32F4xx_HAL_Driver/Src/stm32f4xx_hal_adc.c.obj
                0x000000000800250a                HAL_ADC_ErrorCallback
 .text.ADC_DMAError
                0x000000000800250c       0x16 CMakeFiles/NTO_Discovery.elf.dir/Drivers/STM32F4xx_HAL_Driver/Src/stm32f4xx_hal_adc.c.obj
 .text.ADC_DMAConvCplt
                0x0000000008002522       0x72 CMakeFiles/NTO_Discovery.elf.dir/Drivers/STM32F4xx_HAL_Driver/Src/stm32f4xx_hal_adc.c.obj
 .text.HAL_ADC_ConfigChannel
                0x0000000008002594      0x190 CMakeFiles/NTO_Discovery.elf.dir/Drivers/STM32F4xx_HAL_Driver/Src/stm32f4xx_hal_adc.c.obj
                0x0000000008002594                HAL_ADC_ConfigChannel
 .text.HAL_ADCEx_InjectedStart
                0x0000000008002724       0xf4 CMakeFiles/NTO_Discovery.elf.dir/Drivers/STM32F4xx_HAL_Driver/Src/stm32f4xx_hal_adc_ex.c.obj
                0x0000000008002724                HAL_ADCEx_InjectedStart
 .text.HAL_NVIC_SetPriorityGrouping
                0x0000000008002818       0x24 CMakeFiles/NTO_Discovery.elf.dir/Drivers/STM32F4xx_HAL_Driver/Src/stm32f4xx_hal_cortex.c.obj
                0x0000000008002818                HAL_NVIC_SetPriorityGrouping
 .text.HAL_NVIC_SetPriority
                0x000000000800283c       0x68 CMakeFiles/NTO_Discovery.elf.dir/Drivers/STM32F4xx_HAL_Driver/Src/stm32f4xx_hal_cortex.c.obj
                0x000000000800283c                HAL_NVIC_SetPriority
 .text.HAL_NVIC_EnableIRQ
                0x00000000080028a4       0x1c CMakeFiles/NTO_Discovery.elf.dir/Drivers/STM32F4xx_HAL_Driver/Src/stm32f4xx_hal_cortex.c.obj
                0x00000000080028a4                HAL_NVIC_EnableIRQ
 .text.HAL_SYSTICK_Config
                0x00000000080028c0       0x2c CMakeFiles/NTO_Discovery.elf.dir/Drivers/STM32F4xx_HAL_Driver/Src/stm32f4xx_hal_cortex.c.obj
                0x00000000080028c0                HAL_SYSTICK_Config
 .text.DMA_SetConfig
                0x00000000080028ec       0x2c CMakeFiles/NTO_Discovery.elf.dir/Drivers/STM32F4xx_HAL_Driver/Src/stm32f4xx_hal_dma.c.obj
 .text.DMA_CalcBaseAndBitshift
                0x0000000008002918       0x40 CMakeFiles/NTO_Discovery.elf.dir/Drivers/STM32F4xx_HAL_Driver/Src/stm32f4xx_hal_dma.c.obj
 .text.DMA_CheckFifoParam
                0x0000000008002958       0x8e CMakeFiles/NTO_Discovery.elf.dir/Drivers/STM32F4xx_HAL_Driver/Src/stm32f4xx_hal_dma.c.obj
 *fill*         0x00000000080029e6        0x2 
 .text.HAL_DMA_Init
                0x00000000080029e8       0xcc CMakeFiles/NTO_Discovery.elf.dir/Drivers/STM32F4xx_HAL_Driver/Src/stm32f4xx_hal_dma.c.obj
                0x00000000080029e8                HAL_DMA_Init
 .text.HAL_DMA_Start_IT
                0x0000000008002ab4       0x6a CMakeFiles/NTO_Discovery.elf.dir/Drivers/STM32F4xx_HAL_Driver/Src/stm32f4xx_hal_dma.c.obj
                0x0000000008002ab4                HAL_DMA_Start_IT
 .text.HAL_DMA_Abort_IT
                0x0000000008002b1e       0x26 CMakeFiles/NTO_Discovery.elf.dir/Drivers/STM32F4xx_HAL_Driver/Src/stm32f4xx_hal_dma.c.obj
                0x0000000008002b1e                HAL_DMA_Abort_IT
 .text.HAL_DMA_IRQHandler
                0x0000000008002b44      0x1dc CMakeFiles/NTO_Discovery.elf.dir/Drivers/STM32F4xx_HAL_Driver/Src/stm32f4xx_hal_dma.c.obj
                0x0000000008002b44                HAL_DMA_IRQHandler
 .text.HAL_GPIO_Init
                0x0000000008002d20      0x1cc CMakeFiles/NTO_Discovery.elf.dir/Drivers/STM32F4xx_HAL_Driver/Src/stm32f4xx_hal_gpio.c.obj
                0x0000000008002d20                HAL_GPIO_Init
 .text.HAL_GPIO_ReadPin
                0x0000000008002eec        0xe CMakeFiles/NTO_Discovery.elf.dir/Drivers/STM32F4xx_HAL_Driver/Src/stm32f4xx_hal_gpio.c.obj
                0x0000000008002eec                HAL_GPIO_ReadPin
 .text.HAL_GPIO_WritePin
                0x0000000008002efa        0xc CMakeFiles/NTO_Discovery.elf.dir/Drivers/STM32F4xx_HAL_Driver/Src/stm32f4xx_hal_gpio.c.obj
                0x0000000008002efa                HAL_GPIO_WritePin
 .text.I2C_IsAcknowledgeFailed
                0x0000000008002f06       0x32 CMakeFiles/NTO_Discovery.elf.dir/Drivers/STM32F4xx_HAL_Driver/Src/stm32f4xx_hal_i2c.c.obj
 .text.I2C_WaitOnFlagUntilTimeout
                0x0000000008002f38       0x74 CMakeFiles/NTO_Discovery.elf.dir/Drivers/STM32F4xx_HAL_Driver/Src/stm32f4xx_hal_i2c.c.obj
 .text.I2C_WaitOnMasterAddressFlagUntilTimeout
                0x0000000008002fac       0xaa CMakeFiles/NTO_Discovery.elf.dir/Drivers/STM32F4xx_HAL_Driver/Src/stm32f4xx_hal_i2c.c.obj
 *fill*         0x0000000008003056        0x2 
 .text.I2C_MasterRequestWrite
                0x0000000008003058       0xb4 CMakeFiles/NTO_Discovery.elf.dir/Drivers/STM32F4xx_HAL_Driver/Src/stm32f4xx_hal_i2c.c.obj
 .text.I2C_WaitOnTXEFlagUntilTimeout
                0x000000000800310c       0x54 CMakeFiles/NTO_Discovery.elf.dir/Drivers/STM32F4xx_HAL_Driver/Src/stm32f4xx_hal_i2c.c.obj
 .text.I2C_WaitOnBTFFlagUntilTimeout
                0x0000000008003160       0x54 CMakeFiles/NTO_Discovery.elf.dir/Drivers/STM32F4xx_HAL_Driver/Src/stm32f4xx_hal_i2c.c.obj
 .text.HAL_I2C_Init
                0x00000000080031b4      0x1bc CMakeFiles/NTO_Discovery.elf.dir/Drivers/STM32F4xx_HAL_Driver/Src/stm32f4xx_hal_i2c.c.obj
                0x00000000080031b4                HAL_I2C_Init
 .text.HAL_I2C_Master_Transmit
                0x0000000008003370      0x178 CMakeFiles/NTO_Discovery.elf.dir/Drivers/STM32F4xx_HAL_Driver/Src/stm32f4xx_hal_i2c.c.obj
                0x0000000008003370                HAL_I2C_Master_Transmit
 .text.HAL_I2C_IsDeviceReady
                0x00000000080034e8      0x194 CMakeFiles/NTO_Discovery.elf.dir/Drivers/STM32F4xx_HAL_Driver/Src/stm32f4xx_hal_i2c.c.obj
                0x00000000080034e8                HAL_I2C_IsDeviceReady
 .text.HAL_I2S_Init
                0x000000000800367c      0x19c CMakeFiles/NTO_Discovery.elf.dir/Drivers/STM32F4xx_HAL_Driver/Src/stm32f4xx_hal_i2s.c.obj
                0x000000000800367c                HAL_I2S_Init
 .text.HAL_I2S_TxCpltCallback
                0x0000000008003818        0x2 CMakeFiles/NTO_Discovery.elf.dir/Drivers/STM32F4xx_HAL_Driver/Src/stm32f4xx_hal_i2s.c.obj
                0x0000000008003818                HAL_I2S_TxCpltCallback
 .text.I2S_Transmit_IT
                0x000000000800381a       0x38 CMakeFiles/NTO_Discovery.elf.dir/Drivers/STM32F4xx_HAL_Driver/Src/stm32f4xx_hal_i2s.c.obj
 .text.HAL_I2S_RxCpltCallback
                0x0000000008003852        0x2 CMakeFiles/NTO_Discovery.elf.dir/Drivers/STM32F4xx_HAL_Driver/Src/stm32f4xx_hal_i2s.c.obj
                0x0000000008003852                HAL_I2S_RxCpltCallback
 .text.I2S_Receive_IT
                0x0000000008003854       0x38 CMakeFiles/NTO_Discovery.elf.dir/Drivers/STM32F4xx_HAL_Driver/Src/stm32f4xx_hal_i2s.c.obj
 .text.HAL_I2S_ErrorCallback
                0x000000000800388c        0x2 CMakeFiles/NTO_Discovery.elf.dir/Drivers/STM32F4xx_HAL_Driver/Src/stm32f4xx_hal_i2s.c.obj
                0x000000000800388c                HAL_I2S_ErrorCallback
 .text.I2S_IRQHandler
                0x000000000800388e       0xd0 CMakeFiles/NTO_Discovery.elf.dir/Drivers/STM32F4xx_HAL_Driver/Src/stm32f4xx_hal_i2s.c.obj
 .text.HAL_I2SEx_TxRxCpltCallback
                0x000000000800395e        0x2 CMakeFiles/NTO_Discovery.elf.dir/Drivers/STM32F4xx_HAL_Driver/Src/stm32f4xx_hal_i2s_ex.c.obj
                0x000000000800395e                HAL_I2SEx_TxRxCpltCallback
 .text.I2SEx_TxISR_I2S
                0x0000000008003960       0x3c CMakeFiles/NTO_Discovery.elf.dir/Drivers/STM32F4xx_HAL_Driver/Src/stm32f4xx_hal_i2s_ex.c.obj
 .text.I2SEx_RxISR_I2SExt
                0x000000000800399c       0x64 CMakeFiles/NTO_Discovery.elf.dir/Drivers/STM32F4xx_HAL_Driver/Src/stm32f4xx_hal_i2s_ex.c.obj
 .text.I2SEx_TxISR_I2SExt
                0x0000000008003a00       0x64 CMakeFiles/NTO_Discovery.elf.dir/Drivers/STM32F4xx_HAL_Driver/Src/stm32f4xx_hal_i2s_ex.c.obj
 .text.I2SEx_RxISR_I2S
                0x0000000008003a64       0x3c CMakeFiles/NTO_Discovery.elf.dir/Drivers/STM32F4xx_HAL_Driver/Src/stm32f4xx_hal_i2s_ex.c.obj
 .text.HAL_I2SEx_FullDuplex_IRQHandler
                0x0000000008003aa0      0x1d8 CMakeFiles/NTO_Discovery.elf.dir/Drivers/STM32F4xx_HAL_Driver/Src/stm32f4xx_hal_i2s_ex.c.obj
                0x0000000008003aa0                HAL_I2SEx_FullDuplex_IRQHandler
 .text.HAL_RCC_OscConfig
                0x0000000008003c78      0x3ec CMakeFiles/NTO_Discovery.elf.dir/Drivers/STM32F4xx_HAL_Driver/Src/stm32f4xx_hal_rcc.c.obj
                0x0000000008003c78                HAL_RCC_OscConfig
 .text.HAL_RCC_GetSysClockFreq
                0x0000000008004064       0xcc CMakeFiles/NTO_Discovery.elf.dir/Drivers/STM32F4xx_HAL_Driver/Src/stm32f4xx_hal_rcc.c.obj
                0x0000000008004064                HAL_RCC_GetSysClockFreq
 .text.HAL_RCC_ClockConfig
                0x0000000008004130      0x160 CMakeFiles/NTO_Discovery.elf.dir/Drivers/STM32F4xx_HAL_Driver/Src/stm32f4xx_hal_rcc.c.obj
                0x0000000008004130                HAL_RCC_ClockConfig
 .text.HAL_RCC_GetHCLKFreq
                0x0000000008004290        0xc CMakeFiles/NTO_Discovery.elf.dir/Drivers/STM32F4xx_HAL_Driver/Src/stm32f4xx_hal_rcc.c.obj
                0x0000000008004290                HAL_RCC_GetHCLKFreq
 .text.HAL_RCC_GetPCLK1Freq
                0x000000000800429c       0x20 CMakeFiles/NTO_Discovery.elf.dir/Drivers/STM32F4xx_HAL_Driver/Src/stm32f4xx_hal_rcc.c.obj
                0x000000000800429c                HAL_RCC_GetPCLK1Freq
 .text.HAL_RCC_GetPCLK2Freq
                0x00000000080042bc       0x20 CMakeFiles/NTO_Discovery.elf.dir/Drivers/STM32F4xx_HAL_Driver/Src/stm32f4xx_hal_rcc.c.obj
                0x00000000080042bc                HAL_RCC_GetPCLK2Freq
 .text.HAL_RCCEx_PeriphCLKConfig
                0x00000000080042dc      0x154 CMakeFiles/NTO_Discovery.elf.dir/Drivers/STM32F4xx_HAL_Driver/Src/stm32f4xx_hal_rcc_ex.c.obj
                0x00000000080042dc                HAL_RCCEx_PeriphCLKConfig
 .text.HAL_RCCEx_GetPeriphCLKFreq
                0x0000000008004430       0x74 CMakeFiles/NTO_Discovery.elf.dir/Drivers/STM32F4xx_HAL_Driver/Src/stm32f4xx_hal_rcc_ex.c.obj
                0x0000000008004430                HAL_RCCEx_GetPeriphCLKFreq
 .text.HAL_SPI_Init
                0x00000000080044a4       0x80 CMakeFiles/NTO_Discovery.elf.dir/Drivers/STM32F4xx_HAL_Driver/Src/stm32f4xx_hal_spi.c.obj
                0x00000000080044a4                HAL_SPI_Init
 .text.TIM_OC1_SetConfig
                0x0000000008004524       0x68 CMakeFiles/NTO_Discovery.elf.dir/Drivers/STM32F4xx_HAL_Driver/Src/stm32f4xx_hal_tim.c.obj
 .text.TIM_OC3_SetConfig
                0x000000000800458c       0x70 CMakeFiles/NTO_Discovery.elf.dir/Drivers/STM32F4xx_HAL_Driver/Src/stm32f4xx_hal_tim.c.obj
 .text.TIM_OC4_SetConfig
                0x00000000080045fc       0x50 CMakeFiles/NTO_Discovery.elf.dir/Drivers/STM32F4xx_HAL_Driver/Src/stm32f4xx_hal_tim.c.obj
 .text.HAL_TIM_Base_Start_IT
                0x000000000800464c       0x22 CMakeFiles/NTO_Discovery.elf.dir/Drivers/STM32F4xx_HAL_Driver/Src/stm32f4xx_hal_tim.c.obj
                0x000000000800464c                HAL_TIM_Base_Start_IT
 *fill*         0x000000000800466e        0x2 
 .text.TIM_Base_SetConfig
                0x0000000008004670       0xc8 CMakeFiles/NTO_Discovery.elf.dir/Drivers/STM32F4xx_HAL_Driver/Src/stm32f4xx_hal_tim.c.obj
                0x0000000008004670                TIM_Base_SetConfig
 .text.HAL_TIM_Base_Init
                0x0000000008004738       0x34 CMakeFiles/NTO_Discovery.elf.dir/Drivers/STM32F4xx_HAL_Driver/Src/stm32f4xx_hal_tim.c.obj
                0x0000000008004738                HAL_TIM_Base_Init
 .text.HAL_TIM_PWM_Init
                0x000000000800476c       0x34 CMakeFiles/NTO_Discovery.elf.dir/Drivers/STM32F4xx_HAL_Driver/Src/stm32f4xx_hal_tim.c.obj
                0x000000000800476c                HAL_TIM_PWM_Init
 .text.TIM_OC2_SetConfig
                0x00000000080047a0       0x70 CMakeFiles/NTO_Discovery.elf.dir/Drivers/STM32F4xx_HAL_Driver/Src/stm32f4xx_hal_tim.c.obj
                0x00000000080047a0                TIM_OC2_SetConfig
 .text.HAL_TIM_PWM_ConfigChannel
                0x0000000008004810       0xdc CMakeFiles/NTO_Discovery.elf.dir/Drivers/STM32F4xx_HAL_Driver/Src/stm32f4xx_hal_tim.c.obj
                0x0000000008004810                HAL_TIM_PWM_ConfigChannel
 .text.TIM_CCxChannelCmd
                0x00000000080048ec       0x22 CMakeFiles/NTO_Discovery.elf.dir/Drivers/STM32F4xx_HAL_Driver/Src/stm32f4xx_hal_tim.c.obj
                0x00000000080048ec                TIM_CCxChannelCmd
 *fill*         0x000000000800490e        0x2 
 .text.HAL_TIM_PWM_Start
                0x0000000008004910       0x40 CMakeFiles/NTO_Discovery.elf.dir/Drivers/STM32F4xx_HAL_Driver/Src/stm32f4xx_hal_tim.c.obj
                0x0000000008004910                HAL_TIM_PWM_Start
 .text.HAL_TIMEx_MasterConfigSynchronization
                0x0000000008004950       0x88 CMakeFiles/NTO_Discovery.elf.dir/Drivers/STM32F4xx_HAL_Driver/Src/stm32f4xx_hal_tim_ex.c.obj
                0x0000000008004950                HAL_TIMEx_MasterConfigSynchronization
 .text.HAL_TIMEx_ConfigBreakDeadTime
                0x00000000080049d8       0x52 CMakeFiles/NTO_Discovery.elf.dir/Drivers/STM32F4xx_HAL_Driver/Src/stm32f4xx_hal_tim_ex.c.obj
                0x00000000080049d8                HAL_TIMEx_ConfigBreakDeadTime
 .text.UART_EndRxTransfer
                0x0000000008004a2a       0x1c CMakeFiles/NTO_Discovery.elf.dir/Drivers/STM32F4xx_HAL_Driver/Src/stm32f4xx_hal_uart.c.obj
 .text.UART_Transmit_IT
                0x0000000008004a46       0x66 CMakeFiles/NTO_Discovery.elf.dir/Drivers/STM32F4xx_HAL_Driver/Src/stm32f4xx_hal_uart.c.obj
 .text.UART_SetConfig
                0x0000000008004aac      0x1e8 CMakeFiles/NTO_Discovery.elf.dir/Drivers/STM32F4xx_HAL_Driver/Src/stm32f4xx_hal_uart.c.obj
 .text.HAL_UART_Init
                0x0000000008004c94       0x5e CMakeFiles/NTO_Discovery.elf.dir/Drivers/STM32F4xx_HAL_Driver/Src/stm32f4xx_hal_uart.c.obj
                0x0000000008004c94                HAL_UART_Init
 .text.HAL_UART_Transmit_IT
                0x0000000008004cf2       0x48 CMakeFiles/NTO_Discovery.elf.dir/Drivers/STM32F4xx_HAL_Driver/Src/stm32f4xx_hal_uart.c.obj
                0x0000000008004cf2                HAL_UART_Transmit_IT
 .text.HAL_UART_TxCpltCallback
                0x0000000008004d3a        0x2 CMakeFiles/NTO_Discovery.elf.dir/Drivers/STM32F4xx_HAL_Driver/Src/stm32f4xx_hal_uart.c.obj
                0x0000000008004d3a                HAL_UART_TxCpltCallback
 .text.UART_EndTransmit_IT
                0x0000000008004d3c       0x1a CMakeFiles/NTO_Discovery.elf.dir/Drivers/STM32F4xx_HAL_Driver/Src/stm32f4xx_hal_uart.c.obj
 .text.HAL_UART_RxCpltCallback
                0x0000000008004d56        0x2 CMakeFiles/NTO_Discovery.elf.dir/Drivers/STM32F4xx_HAL_Driver/Src/stm32f4xx_hal_uart.c.obj
                0x0000000008004d56                HAL_UART_RxCpltCallback
 .text.UART_Receive_IT
                0x0000000008004d58       0x9e CMakeFiles/NTO_Discovery.elf.dir/Drivers/STM32F4xx_HAL_Driver/Src/stm32f4xx_hal_uart.c.obj
 .text.HAL_UART_ErrorCallback
                0x0000000008004df6        0x2 CMakeFiles/NTO_Discovery.elf.dir/Drivers/STM32F4xx_HAL_Driver/Src/stm32f4xx_hal_uart.c.obj
                0x0000000008004df6                HAL_UART_ErrorCallback
 .text.HAL_UART_IRQHandler
                0x0000000008004df8      0x128 CMakeFiles/NTO_Discovery.elf.dir/Drivers/STM32F4xx_HAL_Driver/Src/stm32f4xx_hal_uart.c.obj
                0x0000000008004df8                HAL_UART_IRQHandler
 .text.UART_DMAAbortOnError
                0x0000000008004f20       0x10 CMakeFiles/NTO_Discovery.elf.dir/Drivers/STM32F4xx_HAL_Driver/Src/stm32f4xx_hal_uart.c.obj
 .text.__libc_init_array
                0x0000000008004f30       0x48 c:/st/stm32cubeide_1.8.0/stm32cubeide/plugins/com.st.stm32cube.ide.mcu.externaltools.gnu-tools-for-stm32.9-2020-q2-update.win32_2.0.0.202105311346/tools/bin/../lib/gcc/arm-none-eabi/9.3.1/../../../../arm-none-eabi/lib/thumb/v7e-m/nofp\libg.a(lib_a-init.o)
                0x0000000008004f30                __libc_init_array
 .text.memset   0x0000000008004f78       0x10 c:/st/stm32cubeide_1.8.0/stm32cubeide/plugins/com.st.stm32cube.ide.mcu.externaltools.gnu-tools-for-stm32.9-2020-q2-update.win32_2.0.0.202105311346/tools/bin/../lib/gcc/arm-none-eabi/9.3.1/../../../../arm-none-eabi/lib/thumb/v7e-m/nofp\libg.a(lib_a-memset.o)
                0x0000000008004f78                memset
 .text.startup.register_fini
                0x0000000008004f88       0x14 c:/st/stm32cubeide_1.8.0/stm32cubeide/plugins/com.st.stm32cube.ide.mcu.externaltools.gnu-tools-for-stm32.9-2020-q2-update.win32_2.0.0.202105311346/tools/bin/../lib/gcc/arm-none-eabi/9.3.1/../../../../arm-none-eabi/lib/thumb/v7e-m/nofp\libg.a(lib_a-__call_atexit.o)
 .text.atexit   0x0000000008004f9c        0xc c:/st/stm32cubeide_1.8.0/stm32cubeide/plugins/com.st.stm32cube.ide.mcu.externaltools.gnu-tools-for-stm32.9-2020-q2-update.win32_2.0.0.202105311346/tools/bin/../lib/gcc/arm-none-eabi/9.3.1/../../../../arm-none-eabi/lib/thumb/v7e-m/nofp\libg.a(lib_a-atexit.o)
                0x0000000008004f9c                atexit
 .text.__libc_fini_array
                0x0000000008004fa8       0x28 c:/st/stm32cubeide_1.8.0/stm32cubeide/plugins/com.st.stm32cube.ide.mcu.externaltools.gnu-tools-for-stm32.9-2020-q2-update.win32_2.0.0.202105311346/tools/bin/../lib/gcc/arm-none-eabi/9.3.1/../../../../arm-none-eabi/lib/thumb/v7e-m/nofp\libg.a(lib_a-fini.o)
                0x0000000008004fa8                __libc_fini_array
 .text.__retarget_lock_acquire_recursive
                0x0000000008004fd0        0x2 c:/st/stm32cubeide_1.8.0/stm32cubeide/plugins/com.st.stm32cube.ide.mcu.externaltools.gnu-tools-for-stm32.9-2020-q2-update.win32_2.0.0.202105311346/tools/bin/../lib/gcc/arm-none-eabi/9.3.1/../../../../arm-none-eabi/lib/thumb/v7e-m/nofp\libg.a(lib_a-lock.o)
                0x0000000008004fd0                __retarget_lock_acquire_recursive
 .text.__retarget_lock_release_recursive
                0x0000000008004fd2        0x2 c:/st/stm32cubeide_1.8.0/stm32cubeide/plugins/com.st.stm32cube.ide.mcu.externaltools.gnu-tools-for-stm32.9-2020-q2-update.win32_2.0.0.202105311346/tools/bin/../lib/gcc/arm-none-eabi/9.3.1/../../../../arm-none-eabi/lib/thumb/v7e-m/nofp\libg.a(lib_a-lock.o)
                0x0000000008004fd2                __retarget_lock_release_recursive
 .text.__register_exitproc
                0x0000000008004fd4       0x80 c:/st/stm32cubeide_1.8.0/stm32cubeide/plugins/com.st.stm32cube.ide.mcu.externaltools.gnu-tools-for-stm32.9-2020-q2-update.win32_2.0.0.202105311346/tools/bin/../lib/gcc/arm-none-eabi/9.3.1/../../../../arm-none-eabi/lib/thumb/v7e-m/nofp\libg.a(lib_a-__atexit.o)
                0x0000000008004fd4                __register_exitproc
 *(.glue_7)
 .glue_7        0x0000000008005054        0x0 linker stubs
 *(.glue_7t)
 .glue_7t       0x0000000008005054        0x0 linker stubs
 *(.eh_frame)
 .eh_frame      0x0000000008005054        0x0 c:/st/stm32cubeide_1.8.0/stm32cubeide/plugins/com.st.stm32cube.ide.mcu.externaltools.gnu-tools-for-stm32.9-2020-q2-update.win32_2.0.0.202105311346/tools/bin/../lib/gcc/arm-none-eabi/9.3.1/thumb/v7e-m/nofp/crtbegin.o
 *(.init)
 .init          0x0000000008005054        0x4 c:/st/stm32cubeide_1.8.0/stm32cubeide/plugins/com.st.stm32cube.ide.mcu.externaltools.gnu-tools-for-stm32.9-2020-q2-update.win32_2.0.0.202105311346/tools/bin/../lib/gcc/arm-none-eabi/9.3.1/thumb/v7e-m/nofp/crti.o
                0x0000000008005054                _init
 .init          0x0000000008005058        0x8 c:/st/stm32cubeide_1.8.0/stm32cubeide/plugins/com.st.stm32cube.ide.mcu.externaltools.gnu-tools-for-stm32.9-2020-q2-update.win32_2.0.0.202105311346/tools/bin/../lib/gcc/arm-none-eabi/9.3.1/thumb/v7e-m/nofp/crtn.o
 *(.fini)
 .fini          0x0000000008005060        0x4 c:/st/stm32cubeide_1.8.0/stm32cubeide/plugins/com.st.stm32cube.ide.mcu.externaltools.gnu-tools-for-stm32.9-2020-q2-update.win32_2.0.0.202105311346/tools/bin/../lib/gcc/arm-none-eabi/9.3.1/thumb/v7e-m/nofp/crti.o
                0x0000000008005060                _fini
 .fini          0x0000000008005064        0x8 c:/st/stm32cubeide_1.8.0/stm32cubeide/plugins/com.st.stm32cube.ide.mcu.externaltools.gnu-tools-for-stm32.9-2020-q2-update.win32_2.0.0.202105311346/tools/bin/../lib/gcc/arm-none-eabi/9.3.1/thumb/v7e-m/nofp/crtn.o
                0x000000000800506c                . = ALIGN (0x4)
                0x000000000800506c                _etext = .

.vfp11_veneer   0x000000000800506c        0x0
 .vfp11_veneer  0x000000000800506c        0x0 linker stubs

.v4_bx          0x000000000800506c        0x0
 .v4_bx         0x000000000800506c        0x0 linker stubs

.iplt           0x000000000800506c        0x0
 .iplt          0x000000000800506c        0x0 c:/st/stm32cubeide_1.8.0/stm32cubeide/plugins/com.st.stm32cube.ide.mcu.externaltools.gnu-tools-for-stm32.9-2020-q2-update.win32_2.0.0.202105311346/tools/bin/../lib/gcc/arm-none-eabi/9.3.1/thumb/v7e-m/nofp/crtbegin.o

.rodata         0x000000000800506c     0x3028
                0x000000000800506c                . = ALIGN (0x4)
 *(.rodata)
 *(.rodata*)
 .rodata.Font7x10
                0x000000000800506c      0x76c CMakeFiles/NTO_Discovery.elf.dir/Core/Src/fonts.c.obj
                0x000000000800506c                Font7x10
 .rodata.UART_swipe.str1.4
                0x00000000080057d8       0x40 CMakeFiles/NTO_Discovery.elf.dir/Core/Src/main.c.obj
 .rodata.Display_update.str1.4
                0x0000000008005818       0x3f CMakeFiles/NTO_Discovery.elf.dir/Core/Src/main.c.obj
 *fill*         0x0000000008005857        0x1 
 .rodata.main.str1.4
                0x0000000008005858       0x15 CMakeFiles/NTO_Discovery.elf.dir/Core/Src/main.c.obj
 *fill*         0x000000000800586d        0x3 
 .rodata.horse1
                0x0000000008005870      0x400 CMakeFiles/NTO_Discovery.elf.dir/Core/Src/main.c.obj
                0x0000000008005870                horse1
 .rodata.horse10
                0x0000000008005c70      0x400 CMakeFiles/NTO_Discovery.elf.dir/Core/Src/main.c.obj
                0x0000000008005c70                horse10
 .rodata.horse2
                0x0000000008006070      0x400 CMakeFiles/NTO_Discovery.elf.dir/Core/Src/main.c.obj
                0x0000000008006070                horse2
 .rodata.horse3
                0x0000000008006470      0x400 CMakeFiles/NTO_Discovery.elf.dir/Core/Src/main.c.obj
                0x0000000008006470                horse3
 .rodata.horse4
                0x0000000008006870      0x400 CMakeFiles/NTO_Discovery.elf.dir/Core/Src/main.c.obj
                0x0000000008006870                horse4
 .rodata.horse5
                0x0000000008006c70      0x400 CMakeFiles/NTO_Discovery.elf.dir/Core/Src/main.c.obj
                0x0000000008006c70                horse5
 .rodata.horse6
                0x0000000008007070      0x400 CMakeFiles/NTO_Discovery.elf.dir/Core/Src/main.c.obj
                0x0000000008007070                horse6
 .rodata.horse7
                0x0000000008007470      0x400 CMakeFiles/NTO_Discovery.elf.dir/Core/Src/main.c.obj
                0x0000000008007470                horse7
 .rodata.horse8
                0x0000000008007870      0x400 CMakeFiles/NTO_Discovery.elf.dir/Core/Src/main.c.obj
                0x0000000008007870                horse8
 .rodata.horse9
                0x0000000008007c70      0x400 CMakeFiles/NTO_Discovery.elf.dir/Core/Src/main.c.obj
                0x0000000008007c70                horse9
 .rodata.AHBPrescTable
                0x0000000008008070       0x10 CMakeFiles/NTO_Discovery.elf.dir/Core/Src/system_stm32f4xx.c.obj
                0x0000000008008070                AHBPrescTable
 .rodata.APBPrescTable
                0x0000000008008080        0x8 CMakeFiles/NTO_Discovery.elf.dir/Core/Src/system_stm32f4xx.c.obj
                0x0000000008008080                APBPrescTable
 .rodata.flagBitshiftOffset.7504
                0x0000000008008088        0x8 CMakeFiles/NTO_Discovery.elf.dir/Drivers/STM32F4xx_HAL_Driver/Src/stm32f4xx_hal_dma.c.obj
 .rodata._global_impure_ptr
                0x0000000008008090        0x4 c:/st/stm32cubeide_1.8.0/stm32cubeide/plugins/com.st.stm32cube.ide.mcu.externaltools.gnu-tools-for-stm32.9-2020-q2-update.win32_2.0.0.202105311346/tools/bin/../lib/gcc/arm-none-eabi/9.3.1/../../../../arm-none-eabi/lib/thumb/v7e-m/nofp\libg.a(lib_a-impure.o)
                0x0000000008008090                _global_impure_ptr
                0x0000000008008094                . = ALIGN (0x4)

.ARM.extab      0x0000000008008094        0x0
                0x0000000008008094                . = ALIGN (0x4)
 *(.ARM.extab* .gnu.linkonce.armextab.*)
                0x0000000008008094                . = ALIGN (0x4)

.ARM            0x0000000008008094        0x8
                0x0000000008008094                . = ALIGN (0x4)
                0x0000000008008094                __exidx_start = .
 *(.ARM.exidx*)
 .ARM.exidx     0x0000000008008094        0x8 c:/st/stm32cubeide_1.8.0/stm32cubeide/plugins/com.st.stm32cube.ide.mcu.externaltools.gnu-tools-for-stm32.9-2020-q2-update.win32_2.0.0.202105311346/tools/bin/../lib/gcc/arm-none-eabi/9.3.1/thumb/v7e-m/nofp\libgcc.a(_udivmoddi4.o)
                0x000000000800809c                __exidx_end = .
                0x000000000800809c                . = ALIGN (0x4)

.rel.dyn        0x000000000800809c        0x0
 .rel.iplt      0x000000000800809c        0x0 c:/st/stm32cubeide_1.8.0/stm32cubeide/plugins/com.st.stm32cube.ide.mcu.externaltools.gnu-tools-for-stm32.9-2020-q2-update.win32_2.0.0.202105311346/tools/bin/../lib/gcc/arm-none-eabi/9.3.1/thumb/v7e-m/nofp/crtbegin.o

.preinit_array  0x000000000800809c        0x0
                0x000000000800809c                . = ALIGN (0x4)
                0x000000000800809c                PROVIDE (__preinit_array_start = .)
 *(.preinit_array*)
                0x000000000800809c                PROVIDE (__preinit_array_end = .)
                0x000000000800809c                . = ALIGN (0x4)

.init_array     0x000000000800809c        0x8
                0x000000000800809c                . = ALIGN (0x4)
                0x000000000800809c                PROVIDE (__init_array_start = .)
 *(SORT_BY_NAME(.init_array.*))
 .init_array.00000
                0x000000000800809c        0x4 c:/st/stm32cubeide_1.8.0/stm32cubeide/plugins/com.st.stm32cube.ide.mcu.externaltools.gnu-tools-for-stm32.9-2020-q2-update.win32_2.0.0.202105311346/tools/bin/../lib/gcc/arm-none-eabi/9.3.1/../../../../arm-none-eabi/lib/thumb/v7e-m/nofp\libg.a(lib_a-__call_atexit.o)
 *(.init_array*)
 .init_array    0x00000000080080a0        0x4 c:/st/stm32cubeide_1.8.0/stm32cubeide/plugins/com.st.stm32cube.ide.mcu.externaltools.gnu-tools-for-stm32.9-2020-q2-update.win32_2.0.0.202105311346/tools/bin/../lib/gcc/arm-none-eabi/9.3.1/thumb/v7e-m/nofp/crtbegin.o
                0x00000000080080a4                PROVIDE (__init_array_end = .)
                0x00000000080080a4                . = ALIGN (0x4)

.fini_array     0x00000000080080a4        0x4
                0x00000000080080a4                . = ALIGN (0x4)
                0x00000000080080a4                PROVIDE (__fini_array_start = .)
 *(SORT_BY_NAME(.fini_array.*))
 *(.fini_array*)
 .fini_array    0x00000000080080a4        0x4 c:/st/stm32cubeide_1.8.0/stm32cubeide/plugins/com.st.stm32cube.ide.mcu.externaltools.gnu-tools-for-stm32.9-2020-q2-update.win32_2.0.0.202105311346/tools/bin/../lib/gcc/arm-none-eabi/9.3.1/thumb/v7e-m/nofp/crtbegin.o
                0x00000000080080a8                PROVIDE (__fini_array_end = .)
                0x00000000080080a8                . = ALIGN (0x4)
                0x00000000080080a8                _sidata = LOADADDR (.data)

.data           0x0000000020000000      0x444 load address 0x00000000080080a8
                0x0000000020000000                . = ALIGN (0x4)
                0x0000000020000000                _sdata = .
 *(.data)
 *(.data*)
 .data.Font_7x10
                0x0000000020000000        0x8 CMakeFiles/NTO_Discovery.elf.dir/Core/Src/fonts.c.obj
                0x0000000020000000                Font_7x10
 .data.needed_temp
                0x0000000020000008        0x4 CMakeFiles/NTO_Discovery.elf.dir/Core/Src/main.c.obj
                0x0000000020000008                needed_temp
 .data.SystemCoreClock
                0x000000002000000c        0x4 CMakeFiles/NTO_Discovery.elf.dir/Core/Src/system_stm32f4xx.c.obj
                0x000000002000000c                SystemCoreClock
 .data.uwTickFreq
                0x0000000020000010        0x1 CMakeFiles/NTO_Discovery.elf.dir/Drivers/STM32F4xx_HAL_Driver/Src/stm32f4xx_hal.c.obj
                0x0000000020000010                uwTickFreq
 *fill*         0x0000000020000011        0x3 
 .data.uwTickPrio
                0x0000000020000014        0x4 CMakeFiles/NTO_Discovery.elf.dir/Drivers/STM32F4xx_HAL_Driver/Src/stm32f4xx_hal.c.obj
                0x0000000020000014                uwTickPrio
 .data.impure_data
                0x0000000020000018      0x428 c:/st/stm32cubeide_1.8.0/stm32cubeide/plugins/com.st.stm32cube.ide.mcu.externaltools.gnu-tools-for-stm32.9-2020-q2-update.win32_2.0.0.202105311346/tools/bin/../lib/gcc/arm-none-eabi/9.3.1/../../../../arm-none-eabi/lib/thumb/v7e-m/nofp\libg.a(lib_a-impure.o)
 .data.__atexit_recursive_mutex
                0x0000000020000440        0x4 c:/st/stm32cubeide_1.8.0/stm32cubeide/plugins/com.st.stm32cube.ide.mcu.externaltools.gnu-tools-for-stm32.9-2020-q2-update.win32_2.0.0.202105311346/tools/bin/../lib/gcc/arm-none-eabi/9.3.1/../../../../arm-none-eabi/lib/thumb/v7e-m/nofp\libg.a(lib_a-__call_atexit.o)
                0x0000000020000440                __atexit_recursive_mutex
                0x0000000020000444                . = ALIGN (0x4)
                0x0000000020000444                _edata = .

.igot.plt       0x0000000020000444        0x0 load address 0x00000000080084ec
 .igot.plt      0x0000000020000444        0x0 c:/st/stm32cubeide_1.8.0/stm32cubeide/plugins/com.st.stm32cube.ide.mcu.externaltools.gnu-tools-for-stm32.9-2020-q2-update.win32_2.0.0.202105311346/tools/bin/../lib/gcc/arm-none-eabi/9.3.1/thumb/v7e-m/nofp/crtbegin.o
                0x0000000020000444                . = ALIGN (0x4)

.bss            0x0000000020000444      0x758 load address 0x00000000080084ec
                0x0000000020000444                _sbss = .
                0x0000000020000444                __bss_start__ = _sbss
 *(.bss)
 .bss           0x0000000020000444       0x1c c:/st/stm32cubeide_1.8.0/stm32cubeide/plugins/com.st.stm32cube.ide.mcu.externaltools.gnu-tools-for-stm32.9-2020-q2-update.win32_2.0.0.202105311346/tools/bin/../lib/gcc/arm-none-eabi/9.3.1/thumb/v7e-m/nofp/crtbegin.o
 *(.bss*)
 .bss.ADC_Raw   0x0000000020000460        0x2 CMakeFiles/NTO_Discovery.elf.dir/Core/Src/main.c.obj
                0x0000000020000460                ADC_Raw
 *fill*         0x0000000020000462        0x2 
 .bss.Dis_Button
                0x0000000020000464        0x4 CMakeFiles/NTO_Discovery.elf.dir/Core/Src/main.c.obj
                0x0000000020000464                Dis_Button
 .bss.Humidity  0x0000000020000468        0x4 CMakeFiles/NTO_Discovery.elf.dir/Core/Src/main.c.obj
                0x0000000020000468                Humidity
 .bss.Move_status
                0x000000002000046c        0x1 CMakeFiles/NTO_Discovery.elf.dir/Core/Src/main.c.obj
                0x000000002000046c                Move_status
 *fill*         0x000000002000046d        0x3 
 .bss.Pht_Lux   0x0000000020000470        0x4 CMakeFiles/NTO_Discovery.elf.dir/Core/Src/main.c.obj
                0x0000000020000470                Pht_Lux
 .bss.Pht_R     0x0000000020000474        0x4 CMakeFiles/NTO_Discovery.elf.dir/Core/Src/main.c.obj
                0x0000000020000474                Pht_R
 .bss.Presence  0x0000000020000478        0x1 CMakeFiles/NTO_Discovery.elf.dir/Core/Src/main.c.obj
                0x0000000020000478                Presence
 *fill*         0x0000000020000479        0x1 
 .bss.RH        0x000000002000047a        0x2 CMakeFiles/NTO_Discovery.elf.dir/Core/Src/main.c.obj
                0x000000002000047a                RH
 .bss.Rh_byte1  0x000000002000047c        0x1 CMakeFiles/NTO_Discovery.elf.dir/Core/Src/main.c.obj
                0x000000002000047c                Rh_byte1
 .bss.Rh_byte2  0x000000002000047d        0x1 CMakeFiles/NTO_Discovery.elf.dir/Core/Src/main.c.obj
                0x000000002000047d                Rh_byte2
 .bss.SUM       0x000000002000047e        0x2 CMakeFiles/NTO_Discovery.elf.dir/Core/Src/main.c.obj
                0x000000002000047e                SUM
 .bss.TEMP      0x0000000020000480        0x2 CMakeFiles/NTO_Discovery.elf.dir/Core/Src/main.c.obj
                0x0000000020000480                TEMP
 .bss.Temp_byte1
                0x0000000020000482        0x1 CMakeFiles/NTO_Discovery.elf.dir/Core/Src/main.c.obj
                0x0000000020000482                Temp_byte1
 .bss.Temp_byte2
                0x0000000020000483        0x1 CMakeFiles/NTO_Discovery.elf.dir/Core/Src/main.c.obj
                0x0000000020000483                Temp_byte2
 .bss.Temperature
                0x0000000020000484        0x4 CMakeFiles/NTO_Discovery.elf.dir/Core/Src/main.c.obj
                0x0000000020000484                Temperature
 .bss.door_status
                0x0000000020000488        0x4 CMakeFiles/NTO_Discovery.elf.dir/Core/Src/main.c.obj
                0x0000000020000488                door_status
 .bss.hadc1     0x000000002000048c       0x48 CMakeFiles/NTO_Discovery.elf.dir/Core/Src/main.c.obj
                0x000000002000048c                hadc1
 .bss.hdma_adc1
                0x00000000200004d4       0x60 CMakeFiles/NTO_Discovery.elf.dir/Core/Src/main.c.obj
                0x00000000200004d4                hdma_adc1
 .bss.heat_status
                0x0000000020000534        0x4 CMakeFiles/NTO_Discovery.elf.dir/Core/Src/main.c.obj
                0x0000000020000534                heat_status
 .bss.hi2c1     0x0000000020000538       0x54 CMakeFiles/NTO_Discovery.elf.dir/Core/Src/main.c.obj
                0x0000000020000538                hi2c1
 .bss.hi2c3     0x000000002000058c       0x54 CMakeFiles/NTO_Discovery.elf.dir/Core/Src/main.c.obj
                0x000000002000058c                hi2c3
 .bss.hi2s3     0x00000000200005e0       0x48 CMakeFiles/NTO_Discovery.elf.dir/Core/Src/main.c.obj
                0x00000000200005e0                hi2s3
 .bss.hspi1     0x0000000020000628       0x58 CMakeFiles/NTO_Discovery.elf.dir/Core/Src/main.c.obj
                0x0000000020000628                hspi1
 .bss.htim1     0x0000000020000680       0x40 CMakeFiles/NTO_Discovery.elf.dir/Core/Src/main.c.obj
                0x0000000020000680                htim1
 .bss.htim6     0x00000000200006c0       0x40 CMakeFiles/NTO_Discovery.elf.dir/Core/Src/main.c.obj
                0x00000000200006c0                htim6
 .bss.huart2    0x0000000020000700       0x40 CMakeFiles/NTO_Discovery.elf.dir/Core/Src/main.c.obj
                0x0000000020000700                huart2
 .bss.pBuffer   0x0000000020000740       0x40 CMakeFiles/NTO_Discovery.elf.dir/Core/Src/main.c.obj
                0x0000000020000740                pBuffer
 .bss.vent_status
                0x0000000020000780        0x4 CMakeFiles/NTO_Discovery.elf.dir/Core/Src/main.c.obj
                0x0000000020000780                vent_status
 .bss.SSD1306   0x0000000020000784        0x6 CMakeFiles/NTO_Discovery.elf.dir/Core/Src/ssd1306.c.obj
 *fill*         0x000000002000078a        0x2 
 .bss.SSD1306_Buffer
                0x000000002000078c      0x400 CMakeFiles/NTO_Discovery.elf.dir/Core/Src/ssd1306.c.obj
 .bss.uwTick    0x0000000020000b8c        0x4 CMakeFiles/NTO_Discovery.elf.dir/Drivers/STM32F4xx_HAL_Driver/Src/stm32f4xx_hal.c.obj
                0x0000000020000b8c                uwTick
 *(COMMON)
 COMMON         0x0000000020000b90        0x9 c:/st/stm32cubeide_1.8.0/stm32cubeide/plugins/com.st.stm32cube.ide.mcu.externaltools.gnu-tools-for-stm32.9-2020-q2-update.win32_2.0.0.202105311346/tools/bin/../lib/gcc/arm-none-eabi/9.3.1/../../../../arm-none-eabi/lib/thumb/v7e-m/nofp\libg.a(lib_a-lock.o)
                0x0000000020000b90                __lock___atexit_recursive_mutex
                0x0000000020000b91                __lock___arc4random_mutex
                0x0000000020000b92                __lock___env_recursive_mutex
                0x0000000020000b93                __lock___sinit_recursive_mutex
                0x0000000020000b94                __lock___malloc_recursive_mutex
                0x0000000020000b95                __lock___at_quick_exit_mutex
                0x0000000020000b96                __lock___dd_hash_mutex
                0x0000000020000b97                __lock___tz_mutex
                0x0000000020000b98                __lock___sfp_recursive_mutex
                0x0000000020000b9c                . = ALIGN (0x4)
 *fill*         0x0000000020000b99        0x3 
                0x0000000020000b9c                _ebss = .
                0x0000000020000b9c                __bss_end__ = _ebss

._user_heap_stack
                0x0000000020000b9c      0x604 load address 0x00000000080084ec
                0x0000000020000ba0                . = ALIGN (0x8)
 *fill*         0x0000000020000b9c        0x4 
                [!provide]                        PROVIDE (end = .)
                0x0000000020000ba0                PROVIDE (_end = .)
                0x0000000020000da0                . = (. + _Min_Heap_Size)
 *fill*         0x0000000020000ba0      0x200 
                0x00000000200011a0                . = (. + _Min_Stack_Size)
 *fill*         0x0000000020000da0      0x400 
                0x00000000200011a0                . = ALIGN (0x8)

/DISCARD/
 libc.a(*)
 libm.a(*)
 libgcc.a(*)

.ARM.attributes
                0x0000000000000000       0x2a
 *(.ARM.attributes)
 .ARM.attributes
                0x0000000000000000       0x1e c:/st/stm32cubeide_1.8.0/stm32cubeide/plugins/com.st.stm32cube.ide.mcu.externaltools.gnu-tools-for-stm32.9-2020-q2-update.win32_2.0.0.202105311346/tools/bin/../lib/gcc/arm-none-eabi/9.3.1/thumb/v7e-m/nofp/crti.o
 .ARM.attributes
                0x000000000000001e       0x2e c:/st/stm32cubeide_1.8.0/stm32cubeide/plugins/com.st.stm32cube.ide.mcu.externaltools.gnu-tools-for-stm32.9-2020-q2-update.win32_2.0.0.202105311346/tools/bin/../lib/gcc/arm-none-eabi/9.3.1/thumb/v7e-m/nofp/crtbegin.o
 .ARM.attributes
                0x000000000000004c       0x2e CMakeFiles/NTO_Discovery.elf.dir/Core/Src/fonts.c.obj
 .ARM.attributes
                0x000000000000007a       0x2e CMakeFiles/NTO_Discovery.elf.dir/Core/Src/main.c.obj
 .ARM.attributes
                0x00000000000000a8       0x2e CMakeFiles/NTO_Discovery.elf.dir/Core/Src/ssd1306.c.obj
 .ARM.attributes
                0x00000000000000d6       0x2e CMakeFiles/NTO_Discovery.elf.dir/Core/Src/stm32f4xx_hal_msp.c.obj
 .ARM.attributes
                0x0000000000000104       0x2e CMakeFiles/NTO_Discovery.elf.dir/Core/Src/stm32f4xx_it.c.obj
 .ARM.attributes
                0x0000000000000132       0x2e CMakeFiles/NTO_Discovery.elf.dir/Core/Src/system_stm32f4xx.c.obj
 .ARM.attributes
                0x0000000000000160       0x21 CMakeFiles/NTO_Discovery.elf.dir/Core/Startup/startup_stm32f407vgtx.s.obj
 .ARM.attributes
                0x0000000000000181       0x2e CMakeFiles/NTO_Discovery.elf.dir/Drivers/STM32F4xx_HAL_Driver/Src/stm32f4xx_hal.c.obj
 .ARM.attributes
                0x00000000000001af       0x2e CMakeFiles/NTO_Discovery.elf.dir/Drivers/STM32F4xx_HAL_Driver/Src/stm32f4xx_hal_adc.c.obj
 .ARM.attributes
                0x00000000000001dd       0x2e CMakeFiles/NTO_Discovery.elf.dir/Drivers/STM32F4xx_HAL_Driver/Src/stm32f4xx_hal_adc_ex.c.obj
 .ARM.attributes
                0x000000000000020b       0x2e CMakeFiles/NTO_Discovery.elf.dir/Drivers/STM32F4xx_HAL_Driver/Src/stm32f4xx_hal_cortex.c.obj
 .ARM.attributes
                0x0000000000000239       0x2e CMakeFiles/NTO_Discovery.elf.dir/Drivers/STM32F4xx_HAL_Driver/Src/stm32f4xx_hal_dma.c.obj
 .ARM.attributes
                0x0000000000000267       0x2e CMakeFiles/NTO_Discovery.elf.dir/Drivers/STM32F4xx_HAL_Driver/Src/stm32f4xx_hal_gpio.c.obj
 .ARM.attributes
                0x0000000000000295       0x2e CMakeFiles/NTO_Discovery.elf.dir/Drivers/STM32F4xx_HAL_Driver/Src/stm32f4xx_hal_i2c.c.obj
 .ARM.attributes
                0x00000000000002c3       0x2e CMakeFiles/NTO_Discovery.elf.dir/Drivers/STM32F4xx_HAL_Driver/Src/stm32f4xx_hal_i2s.c.obj
 .ARM.attributes
                0x00000000000002f1       0x2e CMakeFiles/NTO_Discovery.elf.dir/Drivers/STM32F4xx_HAL_Driver/Src/stm32f4xx_hal_i2s_ex.c.obj
 .ARM.attributes
                0x000000000000031f       0x2e CMakeFiles/NTO_Discovery.elf.dir/Drivers/STM32F4xx_HAL_Driver/Src/stm32f4xx_hal_rcc.c.obj
 .ARM.attributes
                0x000000000000034d       0x2e CMakeFiles/NTO_Discovery.elf.dir/Drivers/STM32F4xx_HAL_Driver/Src/stm32f4xx_hal_rcc_ex.c.obj
 .ARM.attributes
                0x000000000000037b       0x2e CMakeFiles/NTO_Discovery.elf.dir/Drivers/STM32F4xx_HAL_Driver/Src/stm32f4xx_hal_spi.c.obj
 .ARM.attributes
                0x00000000000003a9       0x2e CMakeFiles/NTO_Discovery.elf.dir/Drivers/STM32F4xx_HAL_Driver/Src/stm32f4xx_hal_tim.c.obj
 .ARM.attributes
                0x00000000000003d7       0x2e CMakeFiles/NTO_Discovery.elf.dir/Drivers/STM32F4xx_HAL_Driver/Src/stm32f4xx_hal_tim_ex.c.obj
 .ARM.attributes
                0x0000000000000405       0x2e CMakeFiles/NTO_Discovery.elf.dir/Drivers/STM32F4xx_HAL_Driver/Src/stm32f4xx_hal_uart.c.obj
 .ARM.attributes
                0x0000000000000433       0x1e c:/st/stm32cubeide_1.8.0/stm32cubeide/plugins/com.st.stm32cube.ide.mcu.externaltools.gnu-tools-for-stm32.9-2020-q2-update.win32_2.0.0.202105311346/tools/bin/../lib/gcc/arm-none-eabi/9.3.1/thumb/v7e-m/nofp\libgcc.a(_arm_mulsf3.o)
 .ARM.attributes
                0x0000000000000451       0x1e c:/st/stm32cubeide_1.8.0/stm32cubeide/plugins/com.st.stm32cube.ide.mcu.externaltools.gnu-tools-for-stm32.9-2020-q2-update.win32_2.0.0.202105311346/tools/bin/../lib/gcc/arm-none-eabi/9.3.1/thumb/v7e-m/nofp\libgcc.a(_arm_addsubsf3.o)
 .ARM.attributes
                0x000000000000046f       0x1e c:/st/stm32cubeide_1.8.0/stm32cubeide/plugins/com.st.stm32cube.ide.mcu.externaltools.gnu-tools-for-stm32.9-2020-q2-update.win32_2.0.0.202105311346/tools/bin/../lib/gcc/arm-none-eabi/9.3.1/thumb/v7e-m/nofp\libgcc.a(_arm_cmpsf2.o)
 .ARM.attributes
                0x000000000000048d       0x1e c:/st/stm32cubeide_1.8.0/stm32cubeide/plugins/com.st.stm32cube.ide.mcu.externaltools.gnu-tools-for-stm32.9-2020-q2-update.win32_2.0.0.202105311346/tools/bin/../lib/gcc/arm-none-eabi/9.3.1/thumb/v7e-m/nofp\libgcc.a(_arm_fixsfsi.o)
 .ARM.attributes
                0x00000000000004ab       0x1e c:/st/stm32cubeide_1.8.0/stm32cubeide/plugins/com.st.stm32cube.ide.mcu.externaltools.gnu-tools-for-stm32.9-2020-q2-update.win32_2.0.0.202105311346/tools/bin/../lib/gcc/arm-none-eabi/9.3.1/thumb/v7e-m/nofp\libgcc.a(_aeabi_uldivmod.o)
 .ARM.attributes
                0x00000000000004c9       0x2e c:/st/stm32cubeide_1.8.0/stm32cubeide/plugins/com.st.stm32cube.ide.mcu.externaltools.gnu-tools-for-stm32.9-2020-q2-update.win32_2.0.0.202105311346/tools/bin/../lib/gcc/arm-none-eabi/9.3.1/thumb/v7e-m/nofp\libgcc.a(_udivmoddi4.o)
 .ARM.attributes
                0x00000000000004f7       0x1e c:/st/stm32cubeide_1.8.0/stm32cubeide/plugins/com.st.stm32cube.ide.mcu.externaltools.gnu-tools-for-stm32.9-2020-q2-update.win32_2.0.0.202105311346/tools/bin/../lib/gcc/arm-none-eabi/9.3.1/thumb/v7e-m/nofp\libgcc.a(_dvmd_tls.o)
 .ARM.attributes
                0x0000000000000515       0x2e c:/st/stm32cubeide_1.8.0/stm32cubeide/plugins/com.st.stm32cube.ide.mcu.externaltools.gnu-tools-for-stm32.9-2020-q2-update.win32_2.0.0.202105311346/tools/bin/../lib/gcc/arm-none-eabi/9.3.1/../../../../arm-none-eabi/lib/thumb/v7e-m/nofp\libg.a(lib_a-impure.o)
 .ARM.attributes
                0x0000000000000543       0x2e c:/st/stm32cubeide_1.8.0/stm32cubeide/plugins/com.st.stm32cube.ide.mcu.externaltools.gnu-tools-for-stm32.9-2020-q2-update.win32_2.0.0.202105311346/tools/bin/../lib/gcc/arm-none-eabi/9.3.1/../../../../arm-none-eabi/lib/thumb/v7e-m/nofp\libg.a(lib_a-init.o)
 .ARM.attributes
                0x0000000000000571       0x2e c:/st/stm32cubeide_1.8.0/stm32cubeide/plugins/com.st.stm32cube.ide.mcu.externaltools.gnu-tools-for-stm32.9-2020-q2-update.win32_2.0.0.202105311346/tools/bin/../lib/gcc/arm-none-eabi/9.3.1/../../../../arm-none-eabi/lib/thumb/v7e-m/nofp\libg.a(lib_a-memset.o)
 .ARM.attributes
                0x000000000000059f       0x2e c:/st/stm32cubeide_1.8.0/stm32cubeide/plugins/com.st.stm32cube.ide.mcu.externaltools.gnu-tools-for-stm32.9-2020-q2-update.win32_2.0.0.202105311346/tools/bin/../lib/gcc/arm-none-eabi/9.3.1/../../../../arm-none-eabi/lib/thumb/v7e-m/nofp\libg.a(lib_a-__call_atexit.o)
 .ARM.attributes
                0x00000000000005cd       0x2e c:/st/stm32cubeide_1.8.0/stm32cubeide/plugins/com.st.stm32cube.ide.mcu.externaltools.gnu-tools-for-stm32.9-2020-q2-update.win32_2.0.0.202105311346/tools/bin/../lib/gcc/arm-none-eabi/9.3.1/../../../../arm-none-eabi/lib/thumb/v7e-m/nofp\libg.a(lib_a-atexit.o)
 .ARM.attributes
                0x00000000000005fb       0x2e c:/st/stm32cubeide_1.8.0/stm32cubeide/plugins/com.st.stm32cube.ide.mcu.externaltools.gnu-tools-for-stm32.9-2020-q2-update.win32_2.0.0.202105311346/tools/bin/../lib/gcc/arm-none-eabi/9.3.1/../../../../arm-none-eabi/lib/thumb/v7e-m/nofp\libg.a(lib_a-fini.o)
 .ARM.attributes
                0x0000000000000629       0x2e c:/st/stm32cubeide_1.8.0/stm32cubeide/plugins/com.st.stm32cube.ide.mcu.externaltools.gnu-tools-for-stm32.9-2020-q2-update.win32_2.0.0.202105311346/tools/bin/../lib/gcc/arm-none-eabi/9.3.1/../../../../arm-none-eabi/lib/thumb/v7e-m/nofp\libg.a(lib_a-lock.o)
 .ARM.attributes
                0x0000000000000657       0x2e c:/st/stm32cubeide_1.8.0/stm32cubeide/plugins/com.st.stm32cube.ide.mcu.externaltools.gnu-tools-for-stm32.9-2020-q2-update.win32_2.0.0.202105311346/tools/bin/../lib/gcc/arm-none-eabi/9.3.1/../../../../arm-none-eabi/lib/thumb/v7e-m/nofp\libg.a(lib_a-__atexit.o)
 .ARM.attributes
                0x0000000000000685       0x1e c:/st/stm32cubeide_1.8.0/stm32cubeide/plugins/com.st.stm32cube.ide.mcu.externaltools.gnu-tools-for-stm32.9-2020-q2-update.win32_2.0.0.202105311346/tools/bin/../lib/gcc/arm-none-eabi/9.3.1/thumb/v7e-m/nofp/crtn.o
OUTPUT(NTO_Discovery.elf elf32-littlearm)
LOAD linker stubs
LOAD c:/st/stm32cubeide_1.8.0/stm32cubeide/plugins/com.st.stm32cube.ide.mcu.externaltools.gnu-tools-for-stm32.9-2020-q2-update.win32_2.0.0.202105311346/tools/bin/../lib/gcc/arm-none-eabi/9.3.1/../../../../arm-none-eabi/lib/thumb/v7e-m/nofp\libc.a
LOAD c:/st/stm32cubeide_1.8.0/stm32cubeide/plugins/com.st.stm32cube.ide.mcu.externaltools.gnu-tools-for-stm32.9-2020-q2-update.win32_2.0.0.202105311346/tools/bin/../lib/gcc/arm-none-eabi/9.3.1/../../../../arm-none-eabi/lib/thumb/v7e-m/nofp\libm.a
LOAD c:/st/stm32cubeide_1.8.0/stm32cubeide/plugins/com.st.stm32cube.ide.mcu.externaltools.gnu-tools-for-stm32.9-2020-q2-update.win32_2.0.0.202105311346/tools/bin/../lib/gcc/arm-none-eabi/9.3.1/thumb/v7e-m/nofp\libgcc.a

.debug_info     0x0000000000000000    0x221f6
 .debug_info    0x0000000000000000      0xbfa CMakeFiles/NTO_Discovery.elf.dir/Core/Src/fonts.c.obj
 .debug_info    0x0000000000000bfa     0x4148 CMakeFiles/NTO_Discovery.elf.dir/Core/Src/main.c.obj
 .debug_info    0x0000000000004d42     0x2bce CMakeFiles/NTO_Discovery.elf.dir/Core/Src/ssd1306.c.obj
 .debug_info    0x0000000000007910     0x1f4a CMakeFiles/NTO_Discovery.elf.dir/Core/Src/stm32f4xx_hal_msp.c.obj
 .debug_info    0x000000000000985a      0x759 CMakeFiles/NTO_Discovery.elf.dir/Core/Src/stm32f4xx_it.c.obj
 .debug_info    0x0000000000009fb3      0x5b9 CMakeFiles/NTO_Discovery.elf.dir/Core/Src/system_stm32f4xx.c.obj
 .debug_info    0x000000000000a56c       0x22 CMakeFiles/NTO_Discovery.elf.dir/Core/Startup/startup_stm32f407vgtx.s.obj
 .debug_info    0x000000000000a58e      0xa79 CMakeFiles/NTO_Discovery.elf.dir/Drivers/STM32F4xx_HAL_Driver/Src/stm32f4xx_hal.c.obj
 .debug_info    0x000000000000b007      0xf7f CMakeFiles/NTO_Discovery.elf.dir/Drivers/STM32F4xx_HAL_Driver/Src/stm32f4xx_hal_adc.c.obj
 .debug_info    0x000000000000bf86      0xd72 CMakeFiles/NTO_Discovery.elf.dir/Drivers/STM32F4xx_HAL_Driver/Src/stm32f4xx_hal_adc_ex.c.obj
 .debug_info    0x000000000000ccf8     0x1154 CMakeFiles/NTO_Discovery.elf.dir/Drivers/STM32F4xx_HAL_Driver/Src/stm32f4xx_hal_cortex.c.obj
 .debug_info    0x000000000000de4c      0xbed CMakeFiles/NTO_Discovery.elf.dir/Drivers/STM32F4xx_HAL_Driver/Src/stm32f4xx_hal_dma.c.obj
 .debug_info    0x000000000000ea39      0x86f CMakeFiles/NTO_Discovery.elf.dir/Drivers/STM32F4xx_HAL_Driver/Src/stm32f4xx_hal_gpio.c.obj
 .debug_info    0x000000000000f2a8     0x39d9 CMakeFiles/NTO_Discovery.elf.dir/Drivers/STM32F4xx_HAL_Driver/Src/stm32f4xx_hal_i2c.c.obj
 .debug_info    0x0000000000012c81     0x1299 CMakeFiles/NTO_Discovery.elf.dir/Drivers/STM32F4xx_HAL_Driver/Src/stm32f4xx_hal_i2s.c.obj
 .debug_info    0x0000000000013f1a      0xf28 CMakeFiles/NTO_Discovery.elf.dir/Drivers/STM32F4xx_HAL_Driver/Src/stm32f4xx_hal_i2s_ex.c.obj
 .debug_info    0x0000000000014e42      0xb5d CMakeFiles/NTO_Discovery.elf.dir/Drivers/STM32F4xx_HAL_Driver/Src/stm32f4xx_hal_rcc.c.obj
 .debug_info    0x000000000001599f      0x740 CMakeFiles/NTO_Discovery.elf.dir/Drivers/STM32F4xx_HAL_Driver/Src/stm32f4xx_hal_rcc_ex.c.obj
 .debug_info    0x00000000000160df     0x1efc CMakeFiles/NTO_Discovery.elf.dir/Drivers/STM32F4xx_HAL_Driver/Src/stm32f4xx_hal_spi.c.obj
 .debug_info    0x0000000000017fdb     0x36b9 CMakeFiles/NTO_Discovery.elf.dir/Drivers/STM32F4xx_HAL_Driver/Src/stm32f4xx_hal_tim.c.obj
 .debug_info    0x000000000001b694     0x16f7 CMakeFiles/NTO_Discovery.elf.dir/Drivers/STM32F4xx_HAL_Driver/Src/stm32f4xx_hal_tim_ex.c.obj
 .debug_info    0x000000000001cd8b     0x19ad CMakeFiles/NTO_Discovery.elf.dir/Drivers/STM32F4xx_HAL_Driver/Src/stm32f4xx_hal_uart.c.obj
 .debug_info    0x000000000001e738      0x935 c:/st/stm32cubeide_1.8.0/stm32cubeide/plugins/com.st.stm32cube.ide.mcu.externaltools.gnu-tools-for-stm32.9-2020-q2-update.win32_2.0.0.202105311346/tools/bin/../lib/gcc/arm-none-eabi/9.3.1/../../../../arm-none-eabi/lib/thumb/v7e-m/nofp\libg.a(lib_a-impure.o)
 .debug_info    0x000000000001f06d      0x11a c:/st/stm32cubeide_1.8.0/stm32cubeide/plugins/com.st.stm32cube.ide.mcu.externaltools.gnu-tools-for-stm32.9-2020-q2-update.win32_2.0.0.202105311346/tools/bin/../lib/gcc/arm-none-eabi/9.3.1/../../../../arm-none-eabi/lib/thumb/v7e-m/nofp\libg.a(lib_a-init.o)
 .debug_info    0x000000000001f187      0xed0 c:/st/stm32cubeide_1.8.0/stm32cubeide/plugins/com.st.stm32cube.ide.mcu.externaltools.gnu-tools-for-stm32.9-2020-q2-update.win32_2.0.0.202105311346/tools/bin/../lib/gcc/arm-none-eabi/9.3.1/../../../../arm-none-eabi/lib/thumb/v7e-m/nofp\libg.a(lib_a-memset.o)
 .debug_info    0x0000000000020057      0xa9f c:/st/stm32cubeide_1.8.0/stm32cubeide/plugins/com.st.stm32cube.ide.mcu.externaltools.gnu-tools-for-stm32.9-2020-q2-update.win32_2.0.0.202105311346/tools/bin/../lib/gcc/arm-none-eabi/9.3.1/../../../../arm-none-eabi/lib/thumb/v7e-m/nofp\libg.a(lib_a-__call_atexit.o)
 .debug_info    0x0000000000020af6      0x9a0 c:/st/stm32cubeide_1.8.0/stm32cubeide/plugins/com.st.stm32cube.ide.mcu.externaltools.gnu-tools-for-stm32.9-2020-q2-update.win32_2.0.0.202105311346/tools/bin/../lib/gcc/arm-none-eabi/9.3.1/../../../../arm-none-eabi/lib/thumb/v7e-m/nofp\libg.a(lib_a-atexit.o)
 .debug_info    0x0000000000021496      0x102 c:/st/stm32cubeide_1.8.0/stm32cubeide/plugins/com.st.stm32cube.ide.mcu.externaltools.gnu-tools-for-stm32.9-2020-q2-update.win32_2.0.0.202105311346/tools/bin/../lib/gcc/arm-none-eabi/9.3.1/../../../../arm-none-eabi/lib/thumb/v7e-m/nofp\libg.a(lib_a-fini.o)
 .debug_info    0x0000000000021598      0x245 c:/st/stm32cubeide_1.8.0/stm32cubeide/plugins/com.st.stm32cube.ide.mcu.externaltools.gnu-tools-for-stm32.9-2020-q2-update.win32_2.0.0.202105311346/tools/bin/../lib/gcc/arm-none-eabi/9.3.1/../../../../arm-none-eabi/lib/thumb/v7e-m/nofp\libg.a(lib_a-lock.o)
 .debug_info    0x00000000000217dd      0xa19 c:/st/stm32cubeide_1.8.0/stm32cubeide/plugins/com.st.stm32cube.ide.mcu.externaltools.gnu-tools-for-stm32.9-2020-q2-update.win32_2.0.0.202105311346/tools/bin/../lib/gcc/arm-none-eabi/9.3.1/../../../../arm-none-eabi/lib/thumb/v7e-m/nofp\libg.a(lib_a-__atexit.o)

.debug_abbrev   0x0000000000000000     0x440e
 .debug_abbrev  0x0000000000000000      0x273 CMakeFiles/NTO_Discovery.elf.dir/Core/Src/fonts.c.obj
 .debug_abbrev  0x0000000000000273      0x4c0 CMakeFiles/NTO_Discovery.elf.dir/Core/Src/main.c.obj
 .debug_abbrev  0x0000000000000733      0x3f1 CMakeFiles/NTO_Discovery.elf.dir/Core/Src/ssd1306.c.obj
 .debug_abbrev  0x0000000000000b24      0x255 CMakeFiles/NTO_Discovery.elf.dir/Core/Src/stm32f4xx_hal_msp.c.obj
 .debug_abbrev  0x0000000000000d79      0x193 CMakeFiles/NTO_Discovery.elf.dir/Core/Src/stm32f4xx_it.c.obj
 .debug_abbrev  0x0000000000000f0c      0x148 CMakeFiles/NTO_Discovery.elf.dir/Core/Src/system_stm32f4xx.c.obj
 .debug_abbrev  0x0000000000001054       0x12 CMakeFiles/NTO_Discovery.elf.dir/Core/Startup/startup_stm32f407vgtx.s.obj
 .debug_abbrev  0x0000000000001066      0x219 CMakeFiles/NTO_Discovery.elf.dir/Drivers/STM32F4xx_HAL_Driver/Src/stm32f4xx_hal.c.obj
 .debug_abbrev  0x000000000000127f      0x266 CMakeFiles/NTO_Discovery.elf.dir/Drivers/STM32F4xx_HAL_Driver/Src/stm32f4xx_hal_adc.c.obj
 .debug_abbrev  0x00000000000014e5      0x2bf CMakeFiles/NTO_Discovery.elf.dir/Drivers/STM32F4xx_HAL_Driver/Src/stm32f4xx_hal_adc_ex.c.obj
 .debug_abbrev  0x00000000000017a4      0x390 CMakeFiles/NTO_Discovery.elf.dir/Drivers/STM32F4xx_HAL_Driver/Src/stm32f4xx_hal_cortex.c.obj
 .debug_abbrev  0x0000000000001b34      0x2d5 CMakeFiles/NTO_Discovery.elf.dir/Drivers/STM32F4xx_HAL_Driver/Src/stm32f4xx_hal_dma.c.obj
 .debug_abbrev  0x0000000000001e09      0x21c CMakeFiles/NTO_Discovery.elf.dir/Drivers/STM32F4xx_HAL_Driver/Src/stm32f4xx_hal_gpio.c.obj
 .debug_abbrev  0x0000000000002025      0x2ab CMakeFiles/NTO_Discovery.elf.dir/Drivers/STM32F4xx_HAL_Driver/Src/stm32f4xx_hal_i2c.c.obj
 .debug_abbrev  0x00000000000022d0      0x275 CMakeFiles/NTO_Discovery.elf.dir/Drivers/STM32F4xx_HAL_Driver/Src/stm32f4xx_hal_i2s.c.obj
 .debug_abbrev  0x0000000000002545      0x2c1 CMakeFiles/NTO_Discovery.elf.dir/Drivers/STM32F4xx_HAL_Driver/Src/stm32f4xx_hal_i2s_ex.c.obj
 .debug_abbrev  0x0000000000002806      0x2ae CMakeFiles/NTO_Discovery.elf.dir/Drivers/STM32F4xx_HAL_Driver/Src/stm32f4xx_hal_rcc.c.obj
 .debug_abbrev  0x0000000000002ab4      0x19a CMakeFiles/NTO_Discovery.elf.dir/Drivers/STM32F4xx_HAL_Driver/Src/stm32f4xx_hal_rcc_ex.c.obj
 .debug_abbrev  0x0000000000002c4e      0x27a CMakeFiles/NTO_Discovery.elf.dir/Drivers/STM32F4xx_HAL_Driver/Src/stm32f4xx_hal_spi.c.obj
 .debug_abbrev  0x0000000000002ec8      0x258 CMakeFiles/NTO_Discovery.elf.dir/Drivers/STM32F4xx_HAL_Driver/Src/stm32f4xx_hal_tim.c.obj
 .debug_abbrev  0x0000000000003120      0x26e CMakeFiles/NTO_Discovery.elf.dir/Drivers/STM32F4xx_HAL_Driver/Src/stm32f4xx_hal_tim_ex.c.obj
 .debug_abbrev  0x000000000000338e      0x2c0 CMakeFiles/NTO_Discovery.elf.dir/Drivers/STM32F4xx_HAL_Driver/Src/stm32f4xx_hal_uart.c.obj
 .debug_abbrev  0x000000000000364e      0x1b8 c:/st/stm32cubeide_1.8.0/stm32cubeide/plugins/com.st.stm32cube.ide.mcu.externaltools.gnu-tools-for-stm32.9-2020-q2-update.win32_2.0.0.202105311346/tools/bin/../lib/gcc/arm-none-eabi/9.3.1/../../../../arm-none-eabi/lib/thumb/v7e-m/nofp\libg.a(lib_a-impure.o)
 .debug_abbrev  0x0000000000003806       0xcc c:/st/stm32cubeide_1.8.0/stm32cubeide/plugins/com.st.stm32cube.ide.mcu.externaltools.gnu-tools-for-stm32.9-2020-q2-update.win32_2.0.0.202105311346/tools/bin/../lib/gcc/arm-none-eabi/9.3.1/../../../../arm-none-eabi/lib/thumb/v7e-m/nofp\libg.a(lib_a-init.o)
 .debug_abbrev  0x00000000000038d2      0x20a c:/st/stm32cubeide_1.8.0/stm32cubeide/plugins/com.st.stm32cube.ide.mcu.externaltools.gnu-tools-for-stm32.9-2020-q2-update.win32_2.0.0.202105311346/tools/bin/../lib/gcc/arm-none-eabi/9.3.1/../../../../arm-none-eabi/lib/thumb/v7e-m/nofp\libg.a(lib_a-memset.o)
 .debug_abbrev  0x0000000000003adc      0x2c1 c:/st/stm32cubeide_1.8.0/stm32cubeide/plugins/com.st.stm32cube.ide.mcu.externaltools.gnu-tools-for-stm32.9-2020-q2-update.win32_2.0.0.202105311346/tools/bin/../lib/gcc/arm-none-eabi/9.3.1/../../../../arm-none-eabi/lib/thumb/v7e-m/nofp\libg.a(lib_a-__call_atexit.o)
 .debug_abbrev  0x0000000000003d9d      0x232 c:/st/stm32cubeide_1.8.0/stm32cubeide/plugins/com.st.stm32cube.ide.mcu.externaltools.gnu-tools-for-stm32.9-2020-q2-update.win32_2.0.0.202105311346/tools/bin/../lib/gcc/arm-none-eabi/9.3.1/../../../../arm-none-eabi/lib/thumb/v7e-m/nofp\libg.a(lib_a-atexit.o)
 .debug_abbrev  0x0000000000003fcf       0xcf c:/st/stm32cubeide_1.8.0/stm32cubeide/plugins/com.st.stm32cube.ide.mcu.externaltools.gnu-tools-for-stm32.9-2020-q2-update.win32_2.0.0.202105311346/tools/bin/../lib/gcc/arm-none-eabi/9.3.1/../../../../arm-none-eabi/lib/thumb/v7e-m/nofp\libg.a(lib_a-fini.o)
 .debug_abbrev  0x000000000000409e      0x111 c:/st/stm32cubeide_1.8.0/stm32cubeide/plugins/com.st.stm32cube.ide.mcu.externaltools.gnu-tools-for-stm32.9-2020-q2-update.win32_2.0.0.202105311346/tools/bin/../lib/gcc/arm-none-eabi/9.3.1/../../../../arm-none-eabi/lib/thumb/v7e-m/nofp\libg.a(lib_a-lock.o)
 .debug_abbrev  0x00000000000041af      0x25f c:/st/stm32cubeide_1.8.0/stm32cubeide/plugins/com.st.stm32cube.ide.mcu.externaltools.gnu-tools-for-stm32.9-2020-q2-update.win32_2.0.0.202105311346/tools/bin/../lib/gcc/arm-none-eabi/9.3.1/../../../../arm-none-eabi/lib/thumb/v7e-m/nofp\libg.a(lib_a-__atexit.o)

.debug_loc      0x0000000000000000    0x135e2
 .debug_loc     0x0000000000000000       0x69 CMakeFiles/NTO_Discovery.elf.dir/Core/Src/fonts.c.obj
 .debug_loc     0x0000000000000069      0x5d1 CMakeFiles/NTO_Discovery.elf.dir/Core/Src/main.c.obj
 .debug_loc     0x000000000000063a     0x13f3 CMakeFiles/NTO_Discovery.elf.dir/Core/Src/ssd1306.c.obj
 .debug_loc     0x0000000000001a2d      0x2fd CMakeFiles/NTO_Discovery.elf.dir/Core/Src/stm32f4xx_hal_msp.c.obj
 .debug_loc     0x0000000000001d2a      0x16c CMakeFiles/NTO_Discovery.elf.dir/Core/Src/system_stm32f4xx.c.obj
 .debug_loc     0x0000000000001e96      0x141 CMakeFiles/NTO_Discovery.elf.dir/Drivers/STM32F4xx_HAL_Driver/Src/stm32f4xx_hal.c.obj
 .debug_loc     0x0000000000001fd7      0xb16 CMakeFiles/NTO_Discovery.elf.dir/Drivers/STM32F4xx_HAL_Driver/Src/stm32f4xx_hal_adc.c.obj
 .debug_loc     0x0000000000002aed      0xa1d CMakeFiles/NTO_Discovery.elf.dir/Drivers/STM32F4xx_HAL_Driver/Src/stm32f4xx_hal_adc_ex.c.obj
 .debug_loc     0x000000000000350a      0x744 CMakeFiles/NTO_Discovery.elf.dir/Drivers/STM32F4xx_HAL_Driver/Src/stm32f4xx_hal_cortex.c.obj
 .debug_loc     0x0000000000003c4e      0xbf9 CMakeFiles/NTO_Discovery.elf.dir/Drivers/STM32F4xx_HAL_Driver/Src/stm32f4xx_hal_dma.c.obj
 .debug_loc     0x0000000000004847      0x4ff CMakeFiles/NTO_Discovery.elf.dir/Drivers/STM32F4xx_HAL_Driver/Src/stm32f4xx_hal_gpio.c.obj
 .debug_loc     0x0000000000004d46     0x3eed CMakeFiles/NTO_Discovery.elf.dir/Drivers/STM32F4xx_HAL_Driver/Src/stm32f4xx_hal_i2c.c.obj
 .debug_loc     0x0000000000008c33      0xfa1 CMakeFiles/NTO_Discovery.elf.dir/Drivers/STM32F4xx_HAL_Driver/Src/stm32f4xx_hal_i2s.c.obj
 .debug_loc     0x0000000000009bd4      0xb12 CMakeFiles/NTO_Discovery.elf.dir/Drivers/STM32F4xx_HAL_Driver/Src/stm32f4xx_hal_i2s_ex.c.obj
 .debug_loc     0x000000000000a6e6      0x56f CMakeFiles/NTO_Discovery.elf.dir/Drivers/STM32F4xx_HAL_Driver/Src/stm32f4xx_hal_rcc.c.obj
 .debug_loc     0x000000000000ac55      0x3cf CMakeFiles/NTO_Discovery.elf.dir/Drivers/STM32F4xx_HAL_Driver/Src/stm32f4xx_hal_rcc_ex.c.obj
 .debug_loc     0x000000000000b024     0x1d38 CMakeFiles/NTO_Discovery.elf.dir/Drivers/STM32F4xx_HAL_Driver/Src/stm32f4xx_hal_spi.c.obj
 .debug_loc     0x000000000000cd5c     0x3a8e CMakeFiles/NTO_Discovery.elf.dir/Drivers/STM32F4xx_HAL_Driver/Src/stm32f4xx_hal_tim.c.obj
 .debug_loc     0x00000000000107ea     0x1164 CMakeFiles/NTO_Discovery.elf.dir/Drivers/STM32F4xx_HAL_Driver/Src/stm32f4xx_hal_tim_ex.c.obj
 .debug_loc     0x000000000001194e     0x18c5 CMakeFiles/NTO_Discovery.elf.dir/Drivers/STM32F4xx_HAL_Driver/Src/stm32f4xx_hal_uart.c.obj
 .debug_loc     0x0000000000013213       0x60 c:/st/stm32cubeide_1.8.0/stm32cubeide/plugins/com.st.stm32cube.ide.mcu.externaltools.gnu-tools-for-stm32.9-2020-q2-update.win32_2.0.0.202105311346/tools/bin/../lib/gcc/arm-none-eabi/9.3.1/../../../../arm-none-eabi/lib/thumb/v7e-m/nofp\libg.a(lib_a-init.o)
 .debug_loc     0x0000000000013273       0x63 c:/st/stm32cubeide_1.8.0/stm32cubeide/plugins/com.st.stm32cube.ide.mcu.externaltools.gnu-tools-for-stm32.9-2020-q2-update.win32_2.0.0.202105311346/tools/bin/../lib/gcc/arm-none-eabi/9.3.1/../../../../arm-none-eabi/lib/thumb/v7e-m/nofp\libg.a(lib_a-memset.o)
 .debug_loc     0x00000000000132d6      0x1ad c:/st/stm32cubeide_1.8.0/stm32cubeide/plugins/com.st.stm32cube.ide.mcu.externaltools.gnu-tools-for-stm32.9-2020-q2-update.win32_2.0.0.202105311346/tools/bin/../lib/gcc/arm-none-eabi/9.3.1/../../../../arm-none-eabi/lib/thumb/v7e-m/nofp\libg.a(lib_a-__call_atexit.o)
 .debug_loc     0x0000000000013483       0x32 c:/st/stm32cubeide_1.8.0/stm32cubeide/plugins/com.st.stm32cube.ide.mcu.externaltools.gnu-tools-for-stm32.9-2020-q2-update.win32_2.0.0.202105311346/tools/bin/../lib/gcc/arm-none-eabi/9.3.1/../../../../arm-none-eabi/lib/thumb/v7e-m/nofp\libg.a(lib_a-atexit.o)
 .debug_loc     0x00000000000134b5       0x53 c:/st/stm32cubeide_1.8.0/stm32cubeide/plugins/com.st.stm32cube.ide.mcu.externaltools.gnu-tools-for-stm32.9-2020-q2-update.win32_2.0.0.202105311346/tools/bin/../lib/gcc/arm-none-eabi/9.3.1/../../../../arm-none-eabi/lib/thumb/v7e-m/nofp\libg.a(lib_a-fini.o)
 .debug_loc     0x0000000000013508       0x25 c:/st/stm32cubeide_1.8.0/stm32cubeide/plugins/com.st.stm32cube.ide.mcu.externaltools.gnu-tools-for-stm32.9-2020-q2-update.win32_2.0.0.202105311346/tools/bin/../lib/gcc/arm-none-eabi/9.3.1/../../../../arm-none-eabi/lib/thumb/v7e-m/nofp\libg.a(lib_a-lock.o)
 .debug_loc     0x000000000001352d       0xb5 c:/st/stm32cubeide_1.8.0/stm32cubeide/plugins/com.st.stm32cube.ide.mcu.externaltools.gnu-tools-for-stm32.9-2020-q2-update.win32_2.0.0.202105311346/tools/bin/../lib/gcc/arm-none-eabi/9.3.1/../../../../arm-none-eabi/lib/thumb/v7e-m/nofp\libg.a(lib_a-__atexit.o)

.debug_aranges  0x0000000000000000     0x1608
 .debug_aranges
                0x0000000000000000       0x20 CMakeFiles/NTO_Discovery.elf.dir/Core/Src/fonts.c.obj
 .debug_aranges
                0x0000000000000020      0x100 CMakeFiles/NTO_Discovery.elf.dir/Core/Src/main.c.obj
 .debug_aranges
                0x0000000000000120       0xf8 CMakeFiles/NTO_Discovery.elf.dir/Core/Src/ssd1306.c.obj
 .debug_aranges
                0x0000000000000218       0x98 CMakeFiles/NTO_Discovery.elf.dir/Core/Src/stm32f4xx_hal_msp.c.obj
 .debug_aranges
                0x00000000000002b0       0x70 CMakeFiles/NTO_Discovery.elf.dir/Core/Src/stm32f4xx_it.c.obj
 .debug_aranges
                0x0000000000000320       0x28 CMakeFiles/NTO_Discovery.elf.dir/Core/Src/system_stm32f4xx.c.obj
 .debug_aranges
                0x0000000000000348       0x28 CMakeFiles/NTO_Discovery.elf.dir/Core/Startup/startup_stm32f407vgtx.s.obj
 .debug_aranges
                0x0000000000000370       0xf0 CMakeFiles/NTO_Discovery.elf.dir/Drivers/STM32F4xx_HAL_Driver/Src/stm32f4xx_hal.c.obj
 .debug_aranges
                0x0000000000000460       0xe8 CMakeFiles/NTO_Discovery.elf.dir/Drivers/STM32F4xx_HAL_Driver/Src/stm32f4xx_hal_adc.c.obj
 .debug_aranges